Starting imports...
Imports complete

=== Device Configuration ===
TensorFlow version: 2.19.0
CUDA_VISIBLE_DEVICES: Not set
Note: Forcing CPU execution due to RTX 5090 compatibility issues with TF 2.19.0
Will use CPU
===========================

Found 1 GPU(s): ['/device:GPU:0']
Setting TF logging...
Logging to ./meta_offloading20_log-inner_step1/
Creating resource cluster...
Creating environment...
avg greedy solution:  798.6544183229719

avg all remote solution:  1303.3703865344523

avg all local solution:  1413.1136047267914

Warning: Variable count mismatch for task 0 policy. Using name-based matching.
Warning: Variable count mismatch for task 1 policy. Using name-based matching.
Warning: Variable count mismatch for task 2 policy. Using name-based matching.
Note: Running on CPU due to GPU compatibility issues
Session created successfully
Initializing variables...
Variables initialized
Starting training...

 ---------------- Iteration 0 ----------------
Sampling set of tasks/goals for this meta-batch...
Warning: No valid output stream.
Processing samples...

[DEBUG] Loss calculation details:
  Policy loss (surr_obj): 0.047370921820402145
  Value loss: 10.237815856933594
  Likelihood ratio mean: 0.9968385696411133
  Likelihood ratio std: 0.4858355224132538
  Advantages mean: -3.8146971692576415e-10
  Advantages std: 1.0
  Clipped objective mean: -0.047370925545692444
average task losses:  0.016243815247435123
average value losses:  8.837568759918213
Evaluate the one-step update for sub-task policy
Warning: No valid output stream.
Optimizing policy...
Warning: No matching variable found for core variable 11 with shape (256, 512)
Warning: No matching variable found for core variable 12 with shape (128, 512)
Warning: No matching variable found for core variable 13 with shape (512,)
Warning: No matching variable found for core variable 14 with shape (128, 512)
Warning: No matching variable found for core variable 15 with shape (128, 512)
Warning: No matching variable found for core variable 16 with shape (512,)
Warning: No matching variable found for core variable 11 with shape (256, 512)
Warning: No matching variable found for core variable 12 with shape (128, 512)
Warning: No matching variable found for core variable 13 with shape (512,)
Warning: No matching variable found for core variable 14 with shape (128, 512)
Warning: No matching variable found for core variable 15 with shape (128, 512)
Warning: No matching variable found for core variable 16 with shape (512,)
Warning: No matching variable found for core variable 11 with shape (256, 512)
Warning: No matching variable found for core variable 12 with shape (128, 512)
Warning: No matching variable found for core variable 13 with shape (512,)
Warning: No matching variable found for core variable 14 with shape (128, 512)
Warning: No matching variable found for core variable 15 with shape (128, 512)
Warning: No matching variable found for core variable 16 with shape (512,)
async core policy to meta-policy
--------------------------------------
| Average greedy latency, | 796      |
| Average latency,        | 995      |
| Average reward,         | -7.03    |
| AverageDiscountedReturn | -6.47    |
| AverageReturn           | -7.03    |
| EnvExecTime             | 0.169    |
| Itr                     | 0        |
| MaxReturn               | -3.48    |
| MinReturn               | -11.1    |
| NumTrajs                | 3000     |
| PolicyExecTime          | 1.05     |
| StdReturn               | 1.24     |
--------------------------------------

 ---------------- Iteration 1 ----------------
Sampling set of tasks/goals for this meta-batch...
Warning: No valid output stream.
Processing samples...

[DEBUG] Loss calculation details:
  Policy loss (surr_obj): -0.0017436210764572024
  Value loss: 5.7579874992370605
  Likelihood ratio mean: 0.9999111294746399
  Likelihood ratio std: 0.1780732423067093
  Advantages mean: -1.9073485846288207e-10
  Advantages std: 1.0
  Clipped objective mean: 0.001743621309287846
average task losses:  0.0018592928148185213
average value losses:  5.795566956202189
Evaluate the one-step update for sub-task policy
Warning: No valid output stream.
Optimizing policy...
Warning: No matching variable found for core variable 11 with shape (256, 512)
Warning: No matching variable found for core variable 12 with shape (128, 512)
Warning: No matching variable found for core variable 13 with shape (512,)
Warning: No matching variable found for core variable 14 with shape (128, 512)
Warning: No matching variable found for core variable 15 with shape (128, 512)
Warning: No matching variable found for core variable 16 with shape (512,)
Warning: No matching variable found for core variable 11 with shape (256, 512)
Warning: No matching variable found for core variable 12 with shape (128, 512)
Warning: No matching variable found for core variable 13 with shape (512,)
Warning: No matching variable found for core variable 14 with shape (128, 512)
Warning: No matching variable found for core variable 15 with shape (128, 512)
Warning: No matching variable found for core variable 16 with shape (512,)
Warning: No matching variable found for core variable 11 with shape (256, 512)
Warning: No matching variable found for core variable 12 with shape (128, 512)
Warning: No matching variable found for core variable 13 with shape (512,)
Warning: No matching variable found for core variable 14 with shape (128, 512)
Warning: No matching variable found for core variable 15 with shape (128, 512)
Warning: No matching variable found for core variable 16 with shape (512,)
async core policy to meta-policy
--------------------------------------
| Average greedy latency, | 789      |
| Average latency,        | 948      |
| Average reward,         | -6.65    |
| AverageDiscountedReturn | -6.12    |
| AverageReturn           | -6.65    |
| EnvExecTime             | 0.181    |
| Itr                     | 1        |
| MaxReturn               | -3.15    |
| MinReturn               | -11.8    |
| NumTrajs                | 3000     |
| PolicyExecTime          | 1.02     |
| StdReturn               | 1.26     |
--------------------------------------

 ---------------- Iteration 2 ----------------
Sampling set of tasks/goals for this meta-batch...
Warning: No valid output stream.
Processing samples...

[DEBUG] Loss calculation details:
  Policy loss (surr_obj): 0.0010508239502087235
  Value loss: 4.844385147094727
  Likelihood ratio mean: 1.0019038915634155
  Likelihood ratio std: 0.15885217487812042
  Advantages mean: -1.9073485846288207e-10
  Advantages std: 1.0
  Clipped objective mean: -0.0010508178966119885
average task losses:  0.003493264715264862
average value losses:  4.718506654103597
Evaluate the one-step update for sub-task policy
Warning: No valid output stream.
Optimizing policy...
Warning: No matching variable found for core variable 11 with shape (256, 512)
Warning: No matching variable found for core variable 12 with shape (128, 512)
Warning: No matching variable found for core variable 13 with shape (512,)
Warning: No matching variable found for core variable 14 with shape (128, 512)
Warning: No matching variable found for core variable 15 with shape (128, 512)
Warning: No matching variable found for core variable 16 with shape (512,)
Warning: No matching variable found for core variable 11 with shape (256, 512)
Warning: No matching variable found for core variable 12 with shape (128, 512)
Warning: No matching variable found for core variable 13 with shape (512,)
Warning: No matching variable found for core variable 14 with shape (128, 512)
Warning: No matching variable found for core variable 15 with shape (128, 512)
Warning: No matching variable found for core variable 16 with shape (512,)
Warning: No matching variable found for core variable 11 with shape (256, 512)
Warning: No matching variable found for core variable 12 with shape (128, 512)
Warning: No matching variable found for core variable 13 with shape (512,)
Warning: No matching variable found for core variable 14 with shape (128, 512)
Warning: No matching variable found for core variable 15 with shape (128, 512)
Warning: No matching variable found for core variable 16 with shape (512,)
async core policy to meta-policy
--------------------------------------
| Average greedy latency, | 789      |
| Average latency,        | 953      |
| Average reward,         | -6.69    |
| AverageDiscountedReturn | -6.15    |
| AverageReturn           | -6.69    |
| EnvExecTime             | 0.178    |
| Itr                     | 2        |
| MaxReturn               | -3.35    |
| MinReturn               | -11.6    |
| NumTrajs                | 3000     |
| PolicyExecTime          | 1.07     |
| StdReturn               | 1.33     |
--------------------------------------

==================== GENERATING AUTOMATED REPORT ====================
Created report directory: reports/training_reports/20250804_104058
Saved data.csv with 3 rows
Saved data.json
Saved summary.txt
Saved average_reward.png
Saved average_loss.png
Saved average_latency.png
Saved policy_losses.png
Saved value_losses.png
Saved greedy_latencies.png
Validation passed: All required files present
Report successfully created in: reports/training_reports/20250804_104058
Report generated successfully at: reports/training_reports/20250804_104058
=====================================================================

