Starting imports...
Imports complete

=== Device Configuration ===
TensorFlow version: 2.19.0
CUDA_VISIBLE_DEVICES: Not set
Note: Forcing CPU execution due to RTX 5090 compatibility issues with TF 2.19.0
Will use CPU
===========================

Found 1 GPU(s): ['/device:GPU:0']
Setting TF logging...
Logging to ./meta_offloading20_log-inner_step1/
Creating resource cluster...
Creating environment...
avg greedy solution:  798.6544183229719

avg all remote solution:  1303.3703865344523

avg all local solution:  1413.1136047267914

Warning: Variable count mismatch for task 0 policy. Using name-based matching.
Warning: Variable count mismatch for task 1 policy. Using name-based matching.
Warning: Variable count mismatch for task 2 policy. Using name-based matching.
Note: Running on CPU due to GPU compatibility issues
Session created successfully
Initializing variables...
Variables initialized
Starting training...

 ---------------- Iteration 0 ----------------
Sampling set of tasks/goals for this meta-batch...
Warning: No valid output stream.
Processing samples...

[DEBUG] Loss calculation details:
  Policy loss (surr_obj): 0.02191139943897724
  Value loss: 9.009892463684082
  Likelihood ratio mean: 0.9965219497680664
  Likelihood ratio std: 0.2657950818538666
  Advantages mean: -7.629394338515283e-10
  Advantages std: 1.0
  Clipped objective mean: -0.02191140130162239
average task losses:  0.011007823670903841
average value losses:  8.438393274943033
Evaluate the one-step update for sub-task policy
Warning: No valid output stream.
Optimizing policy...
Warning: Shape mismatch at variable 11: core_var shape (256, 512), meta_var shape (128, 256)
Warning: Shape mismatch at variable 12: core_var shape (128, 512), meta_var shape (384, 128)
Warning: Shape mismatch at variable 13: core_var shape (512,), meta_var shape (128,)
Warning: Shape mismatch at variable 14: core_var shape (128, 512), meta_var shape (128, 2)
Warning: Shape mismatch at variable 15: core_var shape (128, 512), meta_var shape (2, 2)
Warning: Shape mismatch at variable 16: core_var shape (512,), meta_var shape (2,)
Warning: Shape mismatch at variable 20: core_var shape (128, 2), meta_var shape (2, 2)
Warning: Shape mismatch at variable 21: core_var shape (2, 2), meta_var shape (2,)
Warning: Shape mismatch at variable 22: core_var shape (2,), meta_var shape (128, 256)
Warning: Shape mismatch at variable 23: core_var shape (128, 256), meta_var shape (384, 128)
Warning: Shape mismatch at variable 24: core_var shape (384, 128), meta_var shape (128,)
Warning: Shape mismatch at variable 25: core_var shape (128,), meta_var shape (2, 2)
Warning: Shape mismatch at variable 26: core_var shape (2, 2), meta_var shape (2,)
