
==========
== CUDA ==
==========

CUDA Version 11.8.0

Container image Copyright (c) 2016-2023, NVIDIA CORPORATION & AFFILIATES. All rights reserved.

This container image and its contents are governed by the NVIDIA Deep Learning Container License.
By pulling and using the container, you accept the terms and conditions of this license:
https://developer.nvidia.com/ngc/nvidia-deep-learning-container-license

A copy of this license is made available in this container at /NGC-DL-CONTAINER-LICENSE for your convenience.

WARNING:tensorflow:Deprecation warnings have been disabled. Set TF_ENABLE_DEPRECATION_WARNINGS=1 to re-enable them.
WARNING:root:Limited tf.compat.v2.summary API due to missing TensorBoard installation.
Logging to /work/runs/phase4/margo_v0.1_parallel_probe/seed_0/logs
WARNING:tensorflow:
The TensorFlow contrib module will not be included in TensorFlow 2.0.
For more information, please see:
  * https://github.com/tensorflow/community/blob/master/rfcs/20180907-contrib-sunset.md
  * https://github.com/tensorflow/addons
  * https://github.com/tensorflow/io (for I/O related ops)
If you depend on functionality not listed there, please file an issue.

WARNING:tensorflow:
The TensorFlow contrib module will not be included in TensorFlow 2.0.
For more information, please see:
  * https://github.com/tensorflow/community/blob/master/rfcs/20180907-contrib-sunset.md
  * https://github.com/tensorflow/addons
  * https://github.com/tensorflow/io (for I/O related ops)
If you depend on functionality not listed there, please file an issue.

WARNING:tensorflow:From /work/policies/graph2seq_encoder.py:179: The name tf.variable_scope is deprecated. Please use tf.compat.v1.variable_scope instead.

WARNING:tensorflow:From /work/policies/graph2seq_encoder.py:179: The name tf.variable_scope is deprecated. Please use tf.compat.v1.variable_scope instead.

WARNING:tensorflow:From /work/policies/graph2seq_encoder.py:179: The name tf.AUTO_REUSE is deprecated. Please use tf.compat.v1.AUTO_REUSE instead.

WARNING:tensorflow:From /work/policies/graph2seq_encoder.py:179: The name tf.AUTO_REUSE is deprecated. Please use tf.compat.v1.AUTO_REUSE instead.

WARNING:tensorflow:From /work/policies/graph2seq_modules/inits.py:18: The name tf.random_uniform is deprecated. Please use tf.random.uniform instead.

WARNING:tensorflow:From /work/policies/graph2seq_modules/inits.py:18: The name tf.random_uniform is deprecated. Please use tf.random.uniform instead.

WARNING:tensorflow:From /work/policies/graph2seq_encoder.py:164: The name tf.nn.rnn_cell.LSTMStateTuple is deprecated. Please use tf.compat.v1.nn.rnn_cell.LSTMStateTuple instead.

WARNING:tensorflow:From /work/policies/graph2seq_encoder.py:164: The name tf.nn.rnn_cell.LSTMStateTuple is deprecated. Please use tf.compat.v1.nn.rnn_cell.LSTMStateTuple instead.

/usr/local/lib/python3.8/dist-packages/tensorflow_core/python/framework/indexed_slices.py:423: UserWarning: Converting sparse IndexedSlices to a dense Tensor of unknown shape. This may consume a large amount of memory.
  warnings.warn(
/usr/local/lib/python3.8/dist-packages/tensorflow_core/python/framework/indexed_slices.py:423: UserWarning: Converting sparse IndexedSlices to a dense Tensor of unknown shape. This may consume a large amount of memory.
  warnings.warn(
/usr/local/lib/python3.8/dist-packages/tensorflow_core/python/framework/indexed_slices.py:423: UserWarning: Converting sparse IndexedSlices to a dense Tensor of unknown shape. This may consume a large amount of memory.
  warnings.warn(
/usr/local/lib/python3.8/dist-packages/tensorflow_core/python/framework/indexed_slices.py:423: UserWarning: Converting sparse IndexedSlices to a dense Tensor of unknown shape. This may consume a large amount of memory.
  warnings.warn(
/usr/local/lib/python3.8/dist-packages/tensorflow_core/python/framework/indexed_slices.py:423: UserWarning: Converting sparse IndexedSlices to a dense Tensor of unknown shape. This may consume a large amount of memory.
  warnings.warn(
/usr/local/lib/python3.8/dist-packages/tensorflow_core/python/framework/indexed_slices.py:423: UserWarning: Converting sparse IndexedSlices to a dense Tensor of unknown shape. This may consume a large amount of memory.
  warnings.warn(
/usr/local/lib/python3.8/dist-packages/tensorflow_core/python/framework/indexed_slices.py:423: UserWarning: Converting sparse IndexedSlices to a dense Tensor of unknown shape. This may consume a large amount of memory.
  warnings.warn(
/usr/local/lib/python3.8/dist-packages/tensorflow_core/python/framework/indexed_slices.py:423: UserWarning: Converting sparse IndexedSlices to a dense Tensor of unknown shape. This may consume a large amount of memory.
  warnings.warn(
/usr/local/lib/python3.8/dist-packages/tensorflow_core/python/framework/indexed_slices.py:423: UserWarning: Converting sparse IndexedSlices to a dense Tensor of unknown shape. This may consume a large amount of memory.
  warnings.warn(
/usr/local/lib/python3.8/dist-packages/tensorflow_core/python/framework/indexed_slices.py:423: UserWarning: Converting sparse IndexedSlices to a dense Tensor of unknown shape. This may consume a large amount of memory.
  warnings.warn(
/usr/local/lib/python3.8/dist-packages/tensorflow_core/python/framework/indexed_slices.py:423: UserWarning: Converting sparse IndexedSlices to a dense Tensor of unknown shape. This may consume a large amount of memory.
  warnings.warn(
WARNING:tensorflow:From /work/utils/utils.py:296: The name tf.get_default_session is deprecated. Please use tf.compat.v1.get_default_session instead.

WARNING:tensorflow:From /work/utils/utils.py:296: The name tf.get_default_session is deprecated. Please use tf.compat.v1.get_default_session instead.


 ---------------- Iteration 0 ----------------
Sampling set of tasks/goals for this meta-batch...
Warning: No valid output stream.

[Action Choices - Iteration 0]
  Total actions: 200000
  Local (0): 67837 (33.9%)
  MEC (1): 67163 (33.6%)
  V2V (2): 65000 (32.5%)
Processing samples...
average task losses:  0.040467393
average value losses:  0.028081043
Evaluating adapted task policies on a fresh support sample
Warning: No valid output stream.
Optimizing policy...
Average energy per iteration 0: 872.5956
Warning: No valid output stream.
Warning: No valid output stream.
Warning: No valid output stream.
Warning: No valid output stream.
Warning: No valid output stream.
Warning: No valid output stream.
Warning: No valid output stream.
Warning: No valid output stream.
Warning: No valid output stream.
Warning: No valid output stream.
Warning: No valid output stream.
Warning: No valid output stream.
Warning: No valid output stream.
Warning: No valid output stream.
Warning: No valid output stream.
-----------------------------------------------------
| Average energy,         | 873                     |
| Average greedy latency, | 612                     |
| Average latency,        | 963                     |
| Average reward,         | 0.411                   |
| AverageDiscountedReturn | 0.382                   |
| AverageReturn           | 0.411                   |
| EnvExecTime             | 50.6                    |
| Itr                     | 0                       |
| MaxReturn               | 0.828                   |
| MinReturn               | -0.621                  |
| NumTrajs                | 10000                   |
| PolicyExecTime          | 32.9                    |
| StdReturn               | 0.157                   |
| checkpoint_is_best_val  | 1                       |
| checkpoint_selection... | validation_query_com... |
| entropy_coefficient     | 0                       |
| hyperparameter_prove... | fixed_literature_der... |
| inner_learning_rate     | 0.0005                  |
| k_steps                 | 3                       |
| meta_batch_size_dist... | 10                      |
| outer_learning_rate     | 0.0005                  |
| outer_update_count      | 1                       |
| outer_update_method     | mrlco_first_order_me... |
| ppo_batch_size_traje... | 20                      |
| query_graph_count       | 80                      |
| seed                    | 0                       |
| split_role              | meta_train_support      |
| split_version           | MARGO-SPLIT-v1          |
| support_graphs_per_m... | 20                      |
| support_trajectories... | 20                      |
| validation_query_com... | 0.416                   |
| validation_query_mea... | 880                     |
| value_clip_epsilon      | 0.2                     |
-----------------------------------------------------
audit health itr 0 ok=True flags=[]

 ---------------- Iteration 1 ----------------
Sampling set of tasks/goals for this meta-batch...
Warning: No valid output stream.

[Action Choices - Iteration 1]
  Total actions: 200000
  Local (0): 69133 (34.6%)
  MEC (1): 84255 (42.1%)
  V2V (2): 46612 (23.3%)
Processing samples...
average task losses:  0.06855244
average value losses:  0.056710687
Evaluating adapted task policies on a fresh support sample
Warning: No valid output stream.
Optimizing policy...
Average energy per iteration 1: 821.6799
-----------------------------------------------------
| Average energy,         | 822                     |
| Average greedy latency, | 605                     |
| Average latency,        | 883                     |
| Average reward,         | 0.468                   |
| AverageDiscountedReturn | 0.43                    |
| AverageReturn           | 0.468                   |
| EnvExecTime             | 48.4                    |
| Itr                     | 1                       |
| MaxReturn               | 0.897                   |
| MinReturn               | -0.243                  |
| NumTrajs                | 10000                   |
| PolicyExecTime          | 32.5                    |
| StdReturn               | 0.132                   |
| entropy_coefficient     | 0                       |
| hyperparameter_prove... | fixed_literature_der... |
| inner_learning_rate     | 0.0005                  |
| k_steps                 | 3                       |
| meta_batch_size_dist... | 10                      |
| outer_learning_rate     | 0.0005                  |
| outer_update_count      | 2                       |
| outer_update_method     | mrlco_first_order_me... |
| ppo_batch_size_traje... | 20                      |
| query_graph_count       | 80                      |
| seed                    | 0                       |
| split_role              | meta_train_support      |
| split_version           | MARGO-SPLIT-v1          |
| support_graphs_per_m... | 20                      |
| support_trajectories... | 20                      |
| value_clip_epsilon      | 0.2                     |
-----------------------------------------------------
audit health itr 1 ok=True flags=[]

 ---------------- Iteration 2 ----------------
Sampling set of tasks/goals for this meta-batch...
Warning: No valid output stream.

[Action Choices - Iteration 2]
  Total actions: 200000
  Local (0): 72028 (36.0%)
  MEC (1): 97793 (48.9%)
  V2V (2): 30179 (15.1%)
Processing samples...
average task losses:  0.069399625
average value losses:  0.07145449
Evaluating adapted task policies on a fresh support sample
Warning: No valid output stream.
Optimizing policy...
Average energy per iteration 2: 750.4683
-----------------------------------------------------
| Average energy,         | 750                     |
| Average greedy latency, | 622                     |
| Average latency,        | 878                     |
| Average reward,         | 0.522                   |
| AverageDiscountedReturn | 0.48                    |
| AverageReturn           | 0.522                   |
| EnvExecTime             | 50.7                    |
| Itr                     | 2                       |
| MaxReturn               | 0.938                   |
| MinReturn               | -0.214                  |
| NumTrajs                | 10000                   |
| PolicyExecTime          | 33.1                    |
| StdReturn               | 0.139                   |
| entropy_coefficient     | 0                       |
| hyperparameter_prove... | fixed_literature_der... |
| inner_learning_rate     | 0.0005                  |
| k_steps                 | 3                       |
| meta_batch_size_dist... | 10                      |
| outer_learning_rate     | 0.0005                  |
| outer_update_count      | 3                       |
| outer_update_method     | mrlco_first_order_me... |
| ppo_batch_size_traje... | 20                      |
| query_graph_count       | 80                      |
| seed                    | 0                       |
| split_role              | meta_train_support      |
| split_version           | MARGO-SPLIT-v1          |
| support_graphs_per_m... | 20                      |
| support_trajectories... | 20                      |
| value_clip_epsilon      | 0.2                     |
-----------------------------------------------------
audit health itr 2 ok=True flags=[]

 ---------------- Iteration 3 ----------------
Sampling set of tasks/goals for this meta-batch...
Warning: No valid output stream.

[Action Choices - Iteration 3]
  Total actions: 200000
  Local (0): 72853 (36.4%)
  MEC (1): 104714 (52.4%)
  V2V (2): 22433 (11.2%)
Processing samples...
average task losses:  -0.032801244
average value losses:  0.08136518
Evaluating adapted task policies on a fresh support sample
Warning: No valid output stream.
Optimizing policy...
Average energy per iteration 3: 688.9134
-----------------------------------------------------
| Average energy,         | 689                     |
| Average greedy latency, | 589                     |
| Average latency,        | 843                     |
| Average reward,         | 0.528                   |
| AverageDiscountedReturn | 0.484                   |
| AverageReturn           | 0.528                   |
| EnvExecTime             | 49.7                    |
| Itr                     | 3                       |
| MaxReturn               | 0.901                   |
| MinReturn               | -0.398                  |
| NumTrajs                | 10000                   |
| PolicyExecTime          | 32.5                    |
| StdReturn               | 0.132                   |
| entropy_coefficient     | 0                       |
| hyperparameter_prove... | fixed_literature_der... |
| inner_learning_rate     | 0.0005                  |
| k_steps                 | 3                       |
| meta_batch_size_dist... | 10                      |
| outer_learning_rate     | 0.0005                  |
| outer_update_count      | 4                       |
| outer_update_method     | mrlco_first_order_me... |
| ppo_batch_size_traje... | 20                      |
| query_graph_count       | 80                      |
| seed                    | 0                       |
| split_role              | meta_train_support      |
| split_version           | MARGO-SPLIT-v1          |
| support_graphs_per_m... | 20                      |
| support_trajectories... | 20                      |
| value_clip_epsilon      | 0.2                     |
-----------------------------------------------------
audit health itr 3 ok=True flags=[]

 ---------------- Iteration 4 ----------------
Sampling set of tasks/goals for this meta-batch...
Warning: No valid output stream.

[Action Choices - Iteration 4]
  Total actions: 200000
  Local (0): 71210 (35.6%)
  MEC (1): 109623 (54.8%)
  V2V (2): 19167 (9.6%)
Processing samples...
average task losses:  -0.06246299
average value losses:  0.09548105
Evaluating adapted task policies on a fresh support sample
Warning: No valid output stream.
Optimizing policy...
Average energy per iteration 4: 629.1826
-----------------------------------------------------
| Average energy,         | 629                     |
| Average greedy latency, | 611                     |
| Average latency,        | 810                     |
| Average reward,         | 0.587                   |
| AverageDiscountedReturn | 0.54                    |
| AverageReturn           | 0.587                   |
| EnvExecTime             | 50.2                    |
| Itr                     | 4                       |
| MaxReturn               | 0.926                   |
| MinReturn               | -0.133                  |
| NumTrajs                | 10000                   |
| PolicyExecTime          | 33.2                    |
| StdReturn               | 0.132                   |
| entropy_coefficient     | 0                       |
| hyperparameter_prove... | fixed_literature_der... |
| inner_learning_rate     | 0.0005                  |
| k_steps                 | 3                       |
| meta_batch_size_dist... | 10                      |
| outer_learning_rate     | 0.0005                  |
| outer_update_count      | 5                       |
| outer_update_method     | mrlco_first_order_me... |
| ppo_batch_size_traje... | 20                      |
| query_graph_count       | 80                      |
| seed                    | 0                       |
| split_role              | meta_train_support      |
| split_version           | MARGO-SPLIT-v1          |
| support_graphs_per_m... | 20                      |
| support_trajectories... | 20                      |
| value_clip_epsilon      | 0.2                     |
-----------------------------------------------------
audit health itr 4 ok=True flags=[]
