
==========
== CUDA ==
==========

CUDA Version 11.8.0

Container image Copyright (c) 2016-2023, NVIDIA CORPORATION & AFFILIATES. All rights reserved.

This container image and its contents are governed by the NVIDIA Deep Learning Container License.
By pulling and using the container, you accept the terms and conditions of this license:
https://developer.nvidia.com/ngc/nvidia-deep-learning-container-license

A copy of this license is made available in this container at /NGC-DL-CONTAINER-LICENSE for your convenience.

WARNING:tensorflow:Deprecation warnings have been disabled. Set TF_ENABLE_DEPRECATION_WARNINGS=1 to re-enable them.
WARNING:root:Limited tf.compat.v2.summary API due to missing TensorBoard installation.
Logging to /work/runs/phase4/margo_v0.1_diag_bc_fewshot/seed_0/logs
WARNING:tensorflow:
The TensorFlow contrib module will not be included in TensorFlow 2.0.
For more information, please see:
  * https://github.com/tensorflow/community/blob/master/rfcs/20180907-contrib-sunset.md
  * https://github.com/tensorflow/addons
  * https://github.com/tensorflow/io (for I/O related ops)
If you depend on functionality not listed there, please file an issue.

WARNING:tensorflow:
The TensorFlow contrib module will not be included in TensorFlow 2.0.
For more information, please see:
  * https://github.com/tensorflow/community/blob/master/rfcs/20180907-contrib-sunset.md
  * https://github.com/tensorflow/addons
  * https://github.com/tensorflow/io (for I/O related ops)
If you depend on functionality not listed there, please file an issue.

WARNING:tensorflow:From /work/policies/graph2seq_encoder.py:179: The name tf.variable_scope is deprecated. Please use tf.compat.v1.variable_scope instead.

WARNING:tensorflow:From /work/policies/graph2seq_encoder.py:179: The name tf.variable_scope is deprecated. Please use tf.compat.v1.variable_scope instead.

WARNING:tensorflow:From /work/policies/graph2seq_encoder.py:179: The name tf.AUTO_REUSE is deprecated. Please use tf.compat.v1.AUTO_REUSE instead.

WARNING:tensorflow:From /work/policies/graph2seq_encoder.py:179: The name tf.AUTO_REUSE is deprecated. Please use tf.compat.v1.AUTO_REUSE instead.

WARNING:tensorflow:From /work/policies/graph2seq_modules/inits.py:18: The name tf.random_uniform is deprecated. Please use tf.random.uniform instead.

WARNING:tensorflow:From /work/policies/graph2seq_modules/inits.py:18: The name tf.random_uniform is deprecated. Please use tf.random.uniform instead.

WARNING:tensorflow:From /work/policies/graph2seq_encoder.py:164: The name tf.nn.rnn_cell.LSTMStateTuple is deprecated. Please use tf.compat.v1.nn.rnn_cell.LSTMStateTuple instead.

WARNING:tensorflow:From /work/policies/graph2seq_encoder.py:164: The name tf.nn.rnn_cell.LSTMStateTuple is deprecated. Please use tf.compat.v1.nn.rnn_cell.LSTMStateTuple instead.

/usr/local/lib/python3.8/dist-packages/tensorflow_core/python/framework/indexed_slices.py:423: UserWarning: Converting sparse IndexedSlices to a dense Tensor of unknown shape. This may consume a large amount of memory.
  warnings.warn(
/usr/local/lib/python3.8/dist-packages/tensorflow_core/python/framework/indexed_slices.py:423: UserWarning: Converting sparse IndexedSlices to a dense Tensor of unknown shape. This may consume a large amount of memory.
  warnings.warn(
/usr/local/lib/python3.8/dist-packages/tensorflow_core/python/framework/indexed_slices.py:423: UserWarning: Converting sparse IndexedSlices to a dense Tensor of unknown shape. This may consume a large amount of memory.
  warnings.warn(
/usr/local/lib/python3.8/dist-packages/tensorflow_core/python/framework/indexed_slices.py:423: UserWarning: Converting sparse IndexedSlices to a dense Tensor of unknown shape. This may consume a large amount of memory.
  warnings.warn(
/usr/local/lib/python3.8/dist-packages/tensorflow_core/python/framework/indexed_slices.py:423: UserWarning: Converting sparse IndexedSlices to a dense Tensor of unknown shape. This may consume a large amount of memory.
  warnings.warn(
/usr/local/lib/python3.8/dist-packages/tensorflow_core/python/framework/indexed_slices.py:423: UserWarning: Converting sparse IndexedSlices to a dense Tensor of unknown shape. This may consume a large amount of memory.
  warnings.warn(
/usr/local/lib/python3.8/dist-packages/tensorflow_core/python/framework/indexed_slices.py:423: UserWarning: Converting sparse IndexedSlices to a dense Tensor of unknown shape. This may consume a large amount of memory.
  warnings.warn(
/usr/local/lib/python3.8/dist-packages/tensorflow_core/python/framework/indexed_slices.py:423: UserWarning: Converting sparse IndexedSlices to a dense Tensor of unknown shape. This may consume a large amount of memory.
  warnings.warn(
/usr/local/lib/python3.8/dist-packages/tensorflow_core/python/framework/indexed_slices.py:423: UserWarning: Converting sparse IndexedSlices to a dense Tensor of unknown shape. This may consume a large amount of memory.
  warnings.warn(
/usr/local/lib/python3.8/dist-packages/tensorflow_core/python/framework/indexed_slices.py:423: UserWarning: Converting sparse IndexedSlices to a dense Tensor of unknown shape. This may consume a large amount of memory.
  warnings.warn(
/usr/local/lib/python3.8/dist-packages/tensorflow_core/python/framework/indexed_slices.py:423: UserWarning: Converting sparse IndexedSlices to a dense Tensor of unknown shape. This may consume a large amount of memory.
  warnings.warn(
/usr/local/lib/python3.8/dist-packages/tensorflow_core/python/framework/indexed_slices.py:423: UserWarning: Converting sparse IndexedSlices to a dense Tensor of unknown shape. This may consume a large amount of memory.
  warnings.warn(
bc_fewshot_load_ckpt /work/runs/phase4/margo_v0.1_diag_bc_continue/seed_0/ckpt/bc_core.ckpt val_adapt=10 val_frozen=20 test_adapt=10 test_frozen=20
Warning: No valid output stream.
bc_fewshot validation k0 dist=2 T=578.4 greedy=618.4 mix L/M/V=0.192/0.767/0.041 n_non_p50=5.0
Warning: No valid output stream.
bc_fewshot validation k0 dist=6 T=679.5 greedy=668.2 mix L/M/V=0.235/0.711/0.054 n_non_p50=6.0
Warning: No valid output stream.
bc_fewshot validation k0 dist=10 T=787.9 greedy=755.2 mix L/M/V=0.281/0.661/0.058 n_non_p50=7.0
Warning: No valid output stream.
bc_fewshot validation k0 dist=16 T=427.4 greedy=553.2 mix L/M/V=0.128/0.850/0.022 n_non_p50=3.0
Warning: No valid output stream.
bc_fewshot validation k0 dist=17 T=428.3 greedy=538.1 mix L/M/V=0.133/0.847/0.020 n_non_p50=3.0
Warning: No valid output stream.
Warning: No valid output stream.
bc_fewshot validation k3_ppo dist=2 T=656.6 greedy=618.4 mix L/M/V=0.306/0.608/0.086 n_non_p50=8.0
Warning: No valid output stream.
Warning: No valid output stream.
bc_fewshot validation k3_ppo dist=6 T=721.9 greedy=668.2 mix L/M/V=0.341/0.562/0.096 n_non_p50=9.0
Warning: No valid output stream.
Warning: No valid output stream.
bc_fewshot validation k3_ppo dist=10 T=796.7 greedy=755.2 mix L/M/V=0.364/0.551/0.086 n_non_p50=10.0
Warning: No valid output stream.
Warning: No valid output stream.
bc_fewshot validation k3_ppo dist=16 T=563.1 greedy=553.2 mix L/M/V=0.217/0.715/0.068 n_non_p50=6.0
Warning: No valid output stream.
Warning: No valid output stream.
bc_fewshot validation k3_ppo dist=17 T=547.9 greedy=538.1 mix L/M/V=0.238/0.717/0.045 n_non_p50=6.0
Warning: No valid output stream.
bc_fewshot validation k3_ce dist=2 T=576.8 greedy=618.4 mix L/M/V=0.187/0.777/0.036 n_non_p50=4.0
Warning: No valid output stream.
bc_fewshot validation k3_ce dist=6 T=678.5 greedy=668.2 mix L/M/V=0.230/0.722/0.048 n_non_p50=6.0
Warning: No valid output stream.
bc_fewshot validation k3_ce dist=10 T=781.8 greedy=755.2 mix L/M/V=0.308/0.626/0.066 n_non_p50=8.0
Warning: No valid output stream.
bc_fewshot validation k3_ce dist=16 T=440.0 greedy=553.2 mix L/M/V=0.119/0.848/0.033 n_non_p50=3.0
Warning: No valid output stream.
bc_fewshot validation k3_ce dist=17 T=437.9 greedy=538.1 mix L/M/V=0.116/0.859/0.024 n_non_p50=3.0
bc_fewshot_split validation k0=580.3 k3_ppo=657.2 k3_ce=583.0 ppo_destroyed=False ce_helps=False
Warning: No valid output stream.
bc_fewshot meta_test k0 dist=7 T=458.5 greedy=544.2 mix L/M/V=0.126/0.868/0.006 n_non_p50=3.0
Warning: No valid output stream.
bc_fewshot meta_test k0 dist=12 T=718.2 greedy=700.6 mix L/M/V=0.295/0.611/0.094 n_non_p50=8.0
Warning: No valid output stream.
bc_fewshot meta_test k0 dist=14 T=665.7 greedy=673.0 mix L/M/V=0.271/0.644/0.084 n_non_p50=8.0
Warning: No valid output stream.
bc_fewshot meta_test k0 dist=20 T=424.1 greedy=544.4 mix L/M/V=0.115/0.876/0.009 n_non_p50=2.0
Warning: No valid output stream.
bc_fewshot meta_test k0 dist=23 T=527.0 greedy=580.1 mix L/M/V=0.194/0.748/0.058 n_non_p50=5.0
Warning: No valid output stream.
Warning: No valid output stream.
bc_fewshot meta_test k3_ppo dist=7 T=586.3 greedy=544.2 mix L/M/V=0.243/0.735/0.022 n_non_p50=5.0
Warning: No valid output stream.
Warning: No valid output stream.
bc_fewshot meta_test k3_ppo dist=12 T=737.2 greedy=700.6 mix L/M/V=0.388/0.485/0.126 n_non_p50=11.0
Warning: No valid output stream.
Warning: No valid output stream.
bc_fewshot meta_test k3_ppo dist=14 T=700.1 greedy=673.0 mix L/M/V=0.356/0.532/0.112 n_non_p50=10.0
Warning: No valid output stream.
Warning: No valid output stream.
bc_fewshot meta_test k3_ppo dist=20 T=575.6 greedy=544.4 mix L/M/V=0.216/0.761/0.023 n_non_p50=5.0
Warning: No valid output stream.
Warning: No valid output stream.
bc_fewshot meta_test k3_ppo dist=23 T=601.2 greedy=580.1 mix L/M/V=0.298/0.608/0.094 n_non_p50=8.0
Warning: No valid output stream.
bc_fewshot meta_test k3_ce dist=7 T=472.0 greedy=544.2 mix L/M/V=0.146/0.848/0.006 n_non_p50=3.0
Warning: No valid output stream.
bc_fewshot meta_test k3_ce dist=12 T=722.0 greedy=700.6 mix L/M/V=0.285/0.619/0.096 n_non_p50=8.0
Warning: No valid output stream.
bc_fewshot meta_test k3_ce dist=14 T=672.0 greedy=673.0 mix L/M/V=0.256/0.661/0.083 n_non_p50=7.0
Warning: No valid output stream.
bc_fewshot meta_test k3_ce dist=20 T=432.3 greedy=544.4 mix L/M/V=0.122/0.865/0.013 n_non_p50=3.0
Warning: No valid output stream.
bc_fewshot meta_test k3_ce dist=23 T=525.2 greedy=580.1 mix L/M/V=0.179/0.766/0.055 n_non_p50=5.0
bc_fewshot_split meta_test k0=558.7 k3_ppo=640.1 k3_ce=564.7 ppo_destroyed=False ce_helps=False
bc_fewshot_verdict val_ppo_destroyed=False val_ce_helps=False test_ppo_destroyed=False test_ce_helps=False
