
==========
== CUDA ==
==========

CUDA Version 11.8.0

Container image Copyright (c) 2016-2023, NVIDIA CORPORATION & AFFILIATES. All rights reserved.

This container image and its contents are governed by the NVIDIA Deep Learning Container License.
By pulling and using the container, you accept the terms and conditions of this license:
https://developer.nvidia.com/ngc/nvidia-deep-learning-container-license

A copy of this license is made available in this container at /NGC-DL-CONTAINER-LICENSE for your convenience.

WARNING:tensorflow:Deprecation warnings have been disabled. Set TF_ENABLE_DEPRECATION_WARNINGS=1 to re-enable them.
WARNING:root:Limited tf.compat.v2.summary API due to missing TensorBoard installation.
WARNING:tensorflow:
The TensorFlow contrib module will not be included in TensorFlow 2.0.
For more information, please see:
  * https://github.com/tensorflow/community/blob/master/rfcs/20180907-contrib-sunset.md
  * https://github.com/tensorflow/addons
  * https://github.com/tensorflow/io (for I/O related ops)
If you depend on functionality not listed there, please file an issue.

WARNING:tensorflow:
The TensorFlow contrib module will not be included in TensorFlow 2.0.
For more information, please see:
  * https://github.com/tensorflow/community/blob/master/rfcs/20180907-contrib-sunset.md
  * https://github.com/tensorflow/addons
  * https://github.com/tensorflow/io (for I/O related ops)
If you depend on functionality not listed there, please file an issue.

Logging to /work/runs/phase4/margo_v0.3_bok_profiles/seed_0/logs
bok_profiles_load_ckpt /work/runs/phase4/margo_v0.3_bc_profiles/seed_0/ckpt/bc_core.ckpt sha=2a385073e71a0689 packed=54
bok_profiles_eval frozen_7_5_10 n=8 k_max=4
bok_profiles frozen_7_5_10 T_greedy=504.1 T_best_4=490.2 expert=452.6 min=0.1
bok_profiles_verdict seed=0 smoke=1 frozen_T_greedy=504.0658255474908 T_best_32=None T_best_64=490.1926412837846 gate=True min=0.1
