
==========
== CUDA ==
==========

CUDA Version 11.8.0

Container image Copyright (c) 2016-2023, NVIDIA CORPORATION & AFFILIATES. All rights reserved.

This container image and its contents are governed by the NVIDIA Deep Learning Container License.
By pulling and using the container, you accept the terms and conditions of this license:
https://developer.nvidia.com/ngc/nvidia-deep-learning-container-license

A copy of this license is made available in this container at /NGC-DL-CONTAINER-LICENSE for your convenience.

WARNING:tensorflow:Deprecation warnings have been disabled. Set TF_ENABLE_DEPRECATION_WARNINGS=1 to re-enable them.
WARNING:root:Limited tf.compat.v2.summary API due to missing TensorBoard installation.
WARNING:tensorflow:
The TensorFlow contrib module will not be included in TensorFlow 2.0.
For more information, please see:
  * https://github.com/tensorflow/community/blob/master/rfcs/20180907-contrib-sunset.md
  * https://github.com/tensorflow/addons
  * https://github.com/tensorflow/io (for I/O related ops)
If you depend on functionality not listed there, please file an issue.

WARNING:tensorflow:
The TensorFlow contrib module will not be included in TensorFlow 2.0.
For more information, please see:
  * https://github.com/tensorflow/community/blob/master/rfcs/20180907-contrib-sunset.md
  * https://github.com/tensorflow/addons
  * https://github.com/tensorflow/io (for I/O related ops)
If you depend on functionality not listed there, please file an issue.

Logging to /work/runs/phase4/margo_v0.3_diag_eas/full_pg_il/seed_0/logs
eas_trainable_audit subset=full n_vars=26 n_params=643468 names=['pi/Variable:0', 'pi/encoder/node_feature_embed/kernel:0', 'pi/encoder/node_feature_embed/bias:0', 'pi/encoder/meanaggregator_1_vars/neigh_weights:0', 'pi/encoder/meanaggregator_1_vars/self_weights:0', 'pi/encoder/meanaggregator_1_vars/bias:0', 'pi/encoder/meanaggregator_2_vars/neigh_weights:0', 'pi/encoder/meanaggregator_2_vars/self_weights:0', 'pi/encoder/meanaggregator_2_vars/bias:0', 'pi/encoder/meanaggregator_3_vars/neigh_weights:0', 'pi/encoder/meanaggregator_3_vars/self_weights:0', 'pi/encoder/meanaggregator_3_vars/bias:0', 'pi/encoder/meanaggregator_4_vars/neigh_weights:0', 'pi/encoder/meanaggregator_4_vars/self_weights:0', 'pi/encoder/meanaggregator_4_vars/bias:0', 'pi/encoder/readout_proj/kernel:0', 'pi/encoder/readout_proj/bias:0', 'pi/decoder/memory_layer/kernel:0', 'pi/decoder/decoder/attention_wrapper/multi_rnn_cell/cell_0/basic_lstm_cell/kernel:0', 'pi/decoder/decoder/attention_wrapper/multi_rnn_cell/cell_0/basic_lstm_cell/bias:0', 'pi/decoder/decoder/attention_wrapper/multi_rnn_cell/cell_1/basic_lstm_cell/kernel:0', 'pi/decoder/decoder/attention_wrapper/multi_rnn_cell/cell_1/basic_lstm_cell/bias:0', 'pi/decoder/decoder/attention_wrapper/attention_layer/kernel:0', 'pi/decoder/decoder/output_projection/kernel:0', 'pi/qvalue_layer/kernel:0', 'pi/qvalue_layer/bias:0']
eas_all_trainable_count=26 (θ frozen except φ)
/usr/local/lib/python3.8/dist-packages/tensorflow_core/python/framework/indexed_slices.py:423: UserWarning: Converting sparse IndexedSlices to a dense Tensor of unknown shape. This may consume a large amount of memory.
  warnings.warn(
/usr/local/lib/python3.8/dist-packages/tensorflow_core/python/framework/indexed_slices.py:423: UserWarning: Converting sparse IndexedSlices to a dense Tensor of unknown shape. This may consume a large amount of memory.
  warnings.warn(
eas_identity dist=2 full_greedy_T=574.6182
eas_identity dist=6 full_greedy_T=680.1309
eas_identity dist=10 full_greedy_T=790.0735
eas_identity dist=16 full_greedy_T=436.0206
eas_identity dist=17 full_greedy_T=405.5162
eas_dist 2 T0=578.5 T*=585.5 best=434.3 phi_l2=4.3444 min=3.0
eas_dist 6 T0=685.6 T*=702.1 best=517.0 phi_l2=4.8828 min=5.9
eas_dist 10 T0=785.5 T*=792.1 best=614.5 phi_l2=5.3388 min=8.9
eas_dist 16 T0=431.7 T*=406.3 best=349.4 phi_l2=4.3070 min=11.7
eas_dist 17 T0=407.1 T*=417.3 best=336.2 phi_l2=4.7265 min=14.4
eas_verdict seed=0 subset=full loss=pg_il smoke=0 T0=577.7 T*=580.7 gate520=False min=14.4
