
==========
== CUDA ==
==========

CUDA Version 11.8.0

Container image Copyright (c) 2016-2023, NVIDIA CORPORATION & AFFILIATES. All rights reserved.

This container image and its contents are governed by the NVIDIA Deep Learning Container License.
By pulling and using the container, you accept the terms and conditions of this license:
https://developer.nvidia.com/ngc/nvidia-deep-learning-container-license

A copy of this license is made available in this container at /NGC-DL-CONTAINER-LICENSE for your convenience.

WARNING:tensorflow:Deprecation warnings have been disabled. Set TF_ENABLE_DEPRECATION_WARNINGS=1 to re-enable them.
WARNING:root:Limited tf.compat.v2.summary API due to missing TensorBoard installation.
Logging to /work/runs/phase4/margo_v0.1_diag_bc_scheduled/seed_0/logs
WARNING:tensorflow:
The TensorFlow contrib module will not be included in TensorFlow 2.0.
For more information, please see:
  * https://github.com/tensorflow/community/blob/master/rfcs/20180907-contrib-sunset.md
  * https://github.com/tensorflow/addons
  * https://github.com/tensorflow/io (for I/O related ops)
If you depend on functionality not listed there, please file an issue.

WARNING:tensorflow:
The TensorFlow contrib module will not be included in TensorFlow 2.0.
For more information, please see:
  * https://github.com/tensorflow/community/blob/master/rfcs/20180907-contrib-sunset.md
  * https://github.com/tensorflow/addons
  * https://github.com/tensorflow/io (for I/O related ops)
If you depend on functionality not listed there, please file an issue.

WARNING:tensorflow:From /work/policies/graph2seq_encoder.py:179: The name tf.variable_scope is deprecated. Please use tf.compat.v1.variable_scope instead.

WARNING:tensorflow:From /work/policies/graph2seq_encoder.py:179: The name tf.variable_scope is deprecated. Please use tf.compat.v1.variable_scope instead.

WARNING:tensorflow:From /work/policies/graph2seq_encoder.py:179: The name tf.AUTO_REUSE is deprecated. Please use tf.compat.v1.AUTO_REUSE instead.

WARNING:tensorflow:From /work/policies/graph2seq_encoder.py:179: The name tf.AUTO_REUSE is deprecated. Please use tf.compat.v1.AUTO_REUSE instead.

WARNING:tensorflow:From /work/policies/graph2seq_modules/inits.py:18: The name tf.random_uniform is deprecated. Please use tf.random.uniform instead.

WARNING:tensorflow:From /work/policies/graph2seq_modules/inits.py:18: The name tf.random_uniform is deprecated. Please use tf.random.uniform instead.

WARNING:tensorflow:From /work/policies/graph2seq_encoder.py:164: The name tf.nn.rnn_cell.LSTMStateTuple is deprecated. Please use tf.compat.v1.nn.rnn_cell.LSTMStateTuple instead.

WARNING:tensorflow:From /work/policies/graph2seq_encoder.py:164: The name tf.nn.rnn_cell.LSTMStateTuple is deprecated. Please use tf.compat.v1.nn.rnn_cell.LSTMStateTuple instead.

/usr/local/lib/python3.8/dist-packages/tensorflow_core/python/framework/indexed_slices.py:423: UserWarning: Converting sparse IndexedSlices to a dense Tensor of unknown shape. This may consume a large amount of memory.
  warnings.warn(
/usr/local/lib/python3.8/dist-packages/tensorflow_core/python/framework/indexed_slices.py:423: UserWarning: Converting sparse IndexedSlices to a dense Tensor of unknown shape. This may consume a large amount of memory.
  warnings.warn(
/usr/local/lib/python3.8/dist-packages/tensorflow_core/python/framework/indexed_slices.py:423: UserWarning: Converting sparse IndexedSlices to a dense Tensor of unknown shape. This may consume a large amount of memory.
  warnings.warn(
/usr/local/lib/python3.8/dist-packages/tensorflow_core/python/framework/indexed_slices.py:423: UserWarning: Converting sparse IndexedSlices to a dense Tensor of unknown shape. This may consume a large amount of memory.
  warnings.warn(
/usr/local/lib/python3.8/dist-packages/tensorflow_core/python/framework/indexed_slices.py:423: UserWarning: Converting sparse IndexedSlices to a dense Tensor of unknown shape. This may consume a large amount of memory.
  warnings.warn(
/usr/local/lib/python3.8/dist-packages/tensorflow_core/python/framework/indexed_slices.py:423: UserWarning: Converting sparse IndexedSlices to a dense Tensor of unknown shape. This may consume a large amount of memory.
  warnings.warn(
/usr/local/lib/python3.8/dist-packages/tensorflow_core/python/framework/indexed_slices.py:423: UserWarning: Converting sparse IndexedSlices to a dense Tensor of unknown shape. This may consume a large amount of memory.
  warnings.warn(
/usr/local/lib/python3.8/dist-packages/tensorflow_core/python/framework/indexed_slices.py:423: UserWarning: Converting sparse IndexedSlices to a dense Tensor of unknown shape. This may consume a large amount of memory.
  warnings.warn(
/usr/local/lib/python3.8/dist-packages/tensorflow_core/python/framework/indexed_slices.py:423: UserWarning: Converting sparse IndexedSlices to a dense Tensor of unknown shape. This may consume a large amount of memory.
  warnings.warn(
/usr/local/lib/python3.8/dist-packages/tensorflow_core/python/framework/indexed_slices.py:423: UserWarning: Converting sparse IndexedSlices to a dense Tensor of unknown shape. This may consume a large amount of memory.
  warnings.warn(
/usr/local/lib/python3.8/dist-packages/tensorflow_core/python/framework/indexed_slices.py:423: UserWarning: Converting sparse IndexedSlices to a dense Tensor of unknown shape. This may consume a large amount of memory.
  warnings.warn(
expert cache hit /work/runs/phase4/expert_greedy_mec_train.npz n=1500
bc_ss_load_ckpt /work/runs/phase4/margo_v0.1_diag_bc_continue/seed_0/ckpt/bc_core.ckpt
bc_ss_before greedy_token_acc=0.961 frozen=20 adapt=10
bc_ss_epoch 1/40 eps=0.800 loss=0.0891 greedy_token_acc=0.983 best=0.983@1
bc_ss_epoch 5/40 eps=0.749 loss=0.0258 greedy_token_acc=0.994 best=0.996@3
bc_ss_epoch 10/40 eps=0.685 loss=0.0706 greedy_token_acc=0.988 best=0.996@3
bc_ss_epoch 15/40 eps=0.621 loss=0.0281 greedy_token_acc=0.996 best=0.996@15
bc_ss_epoch 20/40 eps=0.556 loss=0.0622 greedy_token_acc=0.990 best=0.997@18
bc_ss_epoch 25/40 eps=0.492 loss=0.0206 greedy_token_acc=0.997 best=0.998@24
bc_ss_epoch 30/40 eps=0.428 loss=0.2286 greedy_token_acc=0.951 best=0.999@26
bc_ss_epoch 35/40 eps=0.364 loss=0.0122 greedy_token_acc=1.000 best=1.000@35
bc_ss_epoch 40/40 eps=0.300 loss=0.0130 greedy_token_acc=0.998 best=1.000@38
bc_ss_restore_best epoch=38 greedy_token_acc=1.000
bc_ss_train T=448.4 expert=447.9 mec=627.8 token_vs_ex=0.999 mix L/M/V=0.204/0.745/0.052
bc_ss_ckpt /work/runs/phase4/margo_v0.1_diag_bc_scheduled/seed_0/ckpt/bc_core.ckpt
bc_ss_eval_unseen
expert cache hit /work/runs/phase4/expert_greedy_mec_validation.npz n=500
bc_unseen split=validation n=500 T=574.1 expert=463.5 mec=634.1 over_ex=1.239 over_mec=0.905 beat_mec=0.684 token=0.716 mix L/M/V=0.190/0.778/0.032 n_non_p50=4.0
expert cache hit /work/runs/phase4/expert_greedy_mec_metatest.npz n=500
bc_unseen split=meta_test n=500 T=555.1 expert=443.5 mec=631.1 over_ex=1.251 over_mec=0.880 beat_mec=0.696 token=0.709 mix L/M/V=0.196/0.760/0.045 n_non_p50=4.0
bc_ss_verdict train_T=448.4 val_T=574.1 test_T=555.1 val_token=0.716 test_token=0.709
