This is pdfTeX, Version 3.141592653-2.6-1.40.25 (MiKTeX 24.1) (preloaded format=pdflatex 2026.1.5)  5 JAN 2026 00:39
entering extended mode
 restricted \write18 enabled.
 %&-line parsing enabled.
**./MARGO_paper_final.tex
(MARGO_paper_final.tex
LaTeX2e <2023-11-01> patch level 1
L3 programming layer <2024-01-04>
(C:\Users\thisi\AppData\Local\Programs\MiKTeX\tex/latex/ieeetran\IEEEtran.cls
Document Class: IEEEtran 2015/08/26 V1.8b by Michael Shell
-- See the "IEEEtran_HOWTO" manual for usage information.
-- http://www.michaelshell.org/tex/ieeetran/
\@IEEEtrantmpdimenA=\dimen140
\@IEEEtrantmpdimenB=\dimen141
\@IEEEtrantmpdimenC=\dimen142
\@IEEEtrantmpcountA=\count187
\@IEEEtrantmpcountB=\count188
\@IEEEtrantmpcountC=\count189
\@IEEEtrantmptoksA=\toks17
LaTeX Font Info:    Trying to load font information for OT1+ptm on input line 5
03.
(C:\Users\thisi\AppData\Local\Programs\MiKTeX\tex/latex/psnfss\ot1ptm.fd
File: ot1ptm.fd 2001/06/04 font definitions for OT1/ptm.
)
-- Using 8.5in x 11in (letter) paper.
-- Using PDF output.
\@IEEEnormalsizeunitybaselineskip=\dimen143
-- This is a 10 point document.
\CLASSINFOnormalsizebaselineskip=\dimen144
\CLASSINFOnormalsizeunitybaselineskip=\dimen145
\IEEEnormaljot=\dimen146
LaTeX Font Info:    Font shape `OT1/ptm/bx/n' in size <5> not available
(Font)              Font shape `OT1/ptm/b/n' tried instead on input line 1090.
LaTeX Font Info:    Font shape `OT1/ptm/bx/it' in size <5> not available
(Font)              Font shape `OT1/ptm/b/it' tried instead on input line 1090.

LaTeX Font Info:    Font shape `OT1/ptm/bx/n' in size <7> not available
(Font)              Font shape `OT1/ptm/b/n' tried instead on input line 1090.
LaTeX Font Info:    Font shape `OT1/ptm/bx/it' in size <7> not available
(Font)              Font shape `OT1/ptm/b/it' tried instead on input line 1090.

LaTeX Font Info:    Font shape `OT1/ptm/bx/n' in size <8> not available
(Font)              Font shape `OT1/ptm/b/n' tried instead on input line 1090.
LaTeX Font Info:    Font shape `OT1/ptm/bx/it' in size <8> not available
(Font)              Font shape `OT1/ptm/b/it' tried instead on input line 1090.

LaTeX Font Info:    Font shape `OT1/ptm/bx/n' in size <9> not available
(Font)              Font shape `OT1/ptm/b/n' tried instead on input line 1090.
LaTeX Font Info:    Font shape `OT1/ptm/bx/it' in size <9> not available
(Font)              Font shape `OT1/ptm/b/it' tried instead on input line 1090.

LaTeX Font Info:    Font shape `OT1/ptm/bx/n' in size <10> not available
(Font)              Font shape `OT1/ptm/b/n' tried instead on input line 1090.
LaTeX Font Info:    Font shape `OT1/ptm/bx/it' in size <10> not available
(Font)              Font shape `OT1/ptm/b/it' tried instead on input line 1090.

LaTeX Font Info:    Font shape `OT1/ptm/bx/n' in size <11> not available
(Font)              Font shape `OT1/ptm/b/n' tried instead on input line 1090.
LaTeX Font Info:    Font shape `OT1/ptm/bx/it' in size <11> not available
(Font)              Font shape `OT1/ptm/b/it' tried instead on input line 1090.

LaTeX Font Info:    Font shape `OT1/ptm/bx/n' in size <12> not available
(Font)              Font shape `OT1/ptm/b/n' tried instead on input line 1090.
LaTeX Font Info:    Font shape `OT1/ptm/bx/it' in size <12> not available
(Font)              Font shape `OT1/ptm/b/it' tried instead on input line 1090.

LaTeX Font Info:    Font shape `OT1/ptm/bx/n' in size <17> not available
(Font)              Font shape `OT1/ptm/b/n' tried instead on input line 1090.
LaTeX Font Info:    Font shape `OT1/ptm/bx/it' in size <17> not available
(Font)              Font shape `OT1/ptm/b/it' tried instead on input line 1090.

LaTeX Font Info:    Font shape `OT1/ptm/bx/n' in size <20> not available
(Font)              Font shape `OT1/ptm/b/n' tried instead on input line 1090.
LaTeX Font Info:    Font shape `OT1/ptm/bx/it' in size <20> not available
(Font)              Font shape `OT1/ptm/b/it' tried instead on input line 1090.

LaTeX Font Info:    Font shape `OT1/ptm/bx/n' in size <24> not available
(Font)              Font shape `OT1/ptm/b/n' tried instead on input line 1090.
LaTeX Font Info:    Font shape `OT1/ptm/bx/it' in size <24> not available
(Font)              Font shape `OT1/ptm/b/it' tried instead on input line 1090.

\IEEEquantizedlength=\dimen147
\IEEEquantizedlengthdiff=\dimen148
\IEEEquantizedtextheightdiff=\dimen149
\IEEEilabelindentA=\dimen150
\IEEEilabelindentB=\dimen151
\IEEEilabelindent=\dimen152
\IEEEelabelindent=\dimen153
\IEEEdlabelindent=\dimen154
\IEEElabelindent=\dimen155
\IEEEiednormlabelsep=\dimen156
\IEEEiedmathlabelsep=\dimen157
\IEEEiedtopsep=\skip48
\c@section=\count190
\c@subsection=\count191
\c@subsubsection=\count192
\c@paragraph=\count193
\c@IEEEsubequation=\count194
\abovecaptionskip=\skip49
\belowcaptionskip=\skip50
\c@figure=\count195
\c@table=\count196
\@IEEEeqnnumcols=\count197
\@IEEEeqncolcnt=\count198
\@IEEEsubeqnnumrollback=\count199
\@IEEEquantizeheightA=\dimen158
\@IEEEquantizeheightB=\dimen159
\@IEEEquantizeheightC=\dimen160
\@IEEEquantizeprevdepth=\dimen161
\@IEEEquantizemultiple=\count266
\@IEEEquantizeboxA=\box51
\@IEEEtmpitemindent=\dimen162
\IEEEPARstartletwidth=\dimen163
\c@IEEEbiography=\count267
\@IEEEtranrubishbin=\box52
) (C:\Users\thisi\AppData\Local\Programs\MiKTeX\tex/latex/cite\cite.sty
LaTeX Info: Redefining \cite on input line 302.
LaTeX Info: Redefining \nocite on input line 332.
Package: cite 2015/02/27  v 5.5
)
(C:\Users\thisi\AppData\Local\Programs\MiKTeX\tex/latex/amsmath\amsmath.sty
Package: amsmath 2023/05/13 v2.17o AMS math features
\@mathmargin=\skip51

For additional information on amsmath, use the `?' option.
(C:\Users\thisi\AppData\Local\Programs\MiKTeX\tex/latex/amsmath\amstext.sty
Package: amstext 2021/08/26 v2.01 AMS text

(C:\Users\thisi\AppData\Local\Programs\MiKTeX\tex/latex/amsmath\amsgen.sty
File: amsgen.sty 1999/11/30 v2.0 generic functions
\@emptytoks=\toks18
\ex@=\dimen164
))
(C:\Users\thisi\AppData\Local\Programs\MiKTeX\tex/latex/amsmath\amsbsy.sty
Package: amsbsy 1999/11/29 v1.2d Bold Symbols
\pmbraise@=\dimen165
)
(C:\Users\thisi\AppData\Local\Programs\MiKTeX\tex/latex/amsmath\amsopn.sty
Package: amsopn 2022/04/08 v2.04 operator names
)
\inf@bad=\count268
LaTeX Info: Redefining \frac on input line 234.
\uproot@=\count269
\leftroot@=\count270
LaTeX Info: Redefining \overline on input line 399.
LaTeX Info: Redefining \colon on input line 410.
\classnum@=\count271
\DOTSCASE@=\count272
LaTeX Info: Redefining \ldots on input line 496.
LaTeX Info: Redefining \dots on input line 499.
LaTeX Info: Redefining \cdots on input line 620.
\Mathstrutbox@=\box53
\strutbox@=\box54
LaTeX Info: Redefining \big on input line 722.
LaTeX Info: Redefining \Big on input line 723.
LaTeX Info: Redefining \bigg on input line 724.
LaTeX Info: Redefining \Bigg on input line 725.
\big@size=\dimen166
LaTeX Font Info:    Redeclaring font encoding OML on input line 743.
LaTeX Font Info:    Redeclaring font encoding OMS on input line 744.
\macc@depth=\count273
LaTeX Info: Redefining \bmod on input line 905.
LaTeX Info: Redefining \pmod on input line 910.
LaTeX Info: Redefining \smash on input line 940.
LaTeX Info: Redefining \relbar on input line 970.
LaTeX Info: Redefining \Relbar on input line 971.
\c@MaxMatrixCols=\count274
\dotsspace@=\muskip16
\c@parentequation=\count275
\dspbrk@lvl=\count276
\tag@help=\toks19
\row@=\count277
\column@=\count278
\maxfields@=\count279
\andhelp@=\toks20
\eqnshift@=\dimen167
\alignsep@=\dimen168
\tagshift@=\dimen169
\tagwidth@=\dimen170
\totwidth@=\dimen171
\lineht@=\dimen172
\@envbody=\toks21
\multlinegap=\skip52
\multlinetaggap=\skip53
\mathdisplay@stack=\toks22
LaTeX Info: Redefining \[ on input line 2953.
LaTeX Info: Redefining \] on input line 2954.
)
(C:\Users\thisi\AppData\Local\Programs\MiKTeX\tex/latex/amsfonts\amssymb.sty
Package: amssymb 2013/01/14 v3.01 AMS font symbols

(C:\Users\thisi\AppData\Local\Programs\MiKTeX\tex/latex/amsfonts\amsfonts.sty
Package: amsfonts 2013/01/14 v3.01 Basic AMSFonts support
\symAMSa=\mathgroup4
\symAMSb=\mathgroup5
LaTeX Font Info:    Redeclaring math symbol \hbar on input line 98.
LaTeX Font Info:    Overwriting math alphabet `\mathfrak' in version `bold'
(Font)                  U/euf/m/n --> U/euf/b/n on input line 106.
))
(C:\Users\thisi\AppData\Local\Programs\MiKTeX\tex/latex/algorithms\algorithmic.
sty
Package: algorithmic 2009/08/24 v0.1 Document Style `algorithmic'
 (C:\Users\thisi\AppData\Local\Programs\MiKTeX\tex/latex/base\ifthen.sty
Package: ifthen 2022/04/13 v1.1d Standard LaTeX ifthen package (DPC)
)
(C:\Users\thisi\AppData\Local\Programs\MiKTeX\tex/latex/graphics\keyval.sty
Package: keyval 2022/05/29 v1.15 key=value parser (DPC)
\KV@toks@=\toks23
)
\c@ALC@unique=\count280
\c@ALC@line=\count281
\c@ALC@rem=\count282
\c@ALC@depth=\count283
\ALC@tlm=\skip54
\algorithmicindent=\skip55
)
(C:\Users\thisi\AppData\Local\Programs\MiKTeX\tex/latex/algorithms\algorithm.st
y
Package: algorithm 2009/08/24 v0.1 Document Style `algorithm' - floating enviro
nment
 (C:\Users\thisi\AppData\Local\Programs\MiKTeX\tex/latex/float\float.sty
Package: float 2001/11/08 v1.3d Float enhancements (AL)
\c@float@type=\count284
\float@exts=\toks24
\float@box=\box55
\@float@everytoks=\toks25
\@floatcapt=\box56
)
\@float@every@algorithm=\toks26
\c@algorithm=\count285
)
(C:\Users\thisi\AppData\Local\Programs\MiKTeX\tex/latex/graphics\graphicx.sty
Package: graphicx 2021/09/16 v1.2d Enhanced LaTeX Graphics (DPC,SPQR)

(C:\Users\thisi\AppData\Local\Programs\MiKTeX\tex/latex/graphics\graphics.sty
Package: graphics 2022/03/10 v1.4e Standard LaTeX Graphics (DPC,SPQR)

(C:\Users\thisi\AppData\Local\Programs\MiKTeX\tex/latex/graphics\trig.sty
Package: trig 2021/08/11 v1.11 sin cos tan (DPC)
)
(C:\Users\thisi\AppData\Local\Programs\MiKTeX\tex/latex/graphics-cfg\graphics.c
fg
File: graphics.cfg 2016/06/04 v1.11 sample graphics configuration
)
Package graphics Info: Driver file: pdftex.def on input line 107.

(C:\Users\thisi\AppData\Local\Programs\MiKTeX\tex/latex/graphics-def\pdftex.def
File: pdftex.def 2022/09/22 v1.2b Graphics/color driver for pdftex
))
\Gin@req@height=\dimen173
\Gin@req@width=\dimen174
) (C:\Users\thisi\AppData\Local\Programs\MiKTeX\tex/latex/base\textcomp.sty
Package: textcomp 2020/02/02 v2.0n Standard LaTeX package
)
(C:\Users\thisi\AppData\Local\Programs\MiKTeX\tex/latex/xcolor\xcolor.sty
Package: xcolor 2023/11/15 v3.01 LaTeX color extensions (UK)

(C:\Users\thisi\AppData\Local\Programs\MiKTeX\tex/latex/graphics-cfg\color.cfg
File: color.cfg 2016/01/02 v1.6 sample color configuration
)
Package xcolor Info: Driver file: pdftex.def on input line 274.
(C:\Users\thisi\AppData\Local\Programs\MiKTeX\tex/latex/graphics\mathcolor.ltx)
Package xcolor Info: Model `cmy' substituted by `cmy0' on input line 1350.
Package xcolor Info: Model `hsb' substituted by `rgb' on input line 1354.
Package xcolor Info: Model `RGB' extended on input line 1366.
Package xcolor Info: Model `HTML' substituted by `rgb' on input line 1368.
Package xcolor Info: Model `Hsb' substituted by `hsb' on input line 1369.
Package xcolor Info: Model `tHsb' substituted by `hsb' on input line 1370.
Package xcolor Info: Model `HSB' substituted by `hsb' on input line 1371.
Package xcolor Info: Model `Gray' substituted by `gray' on input line 1372.
Package xcolor Info: Model `wave' substituted by `hsb' on input line 1373.
) (C:\Users\thisi\AppData\Local\Programs\MiKTeX\tex/latex/multirow\multirow.sty
Package: multirow 2024/11/12 v2.9 Span multiple rows of a table
\multirow@colwidth=\skip56
\multirow@cntb=\count286
\multirow@dima=\skip57
\bigstrutjot=\dimen175
) (C:\Users\thisi\AppData\Local\Programs\MiKTeX\tex/latex/booktabs\booktabs.sty
Package: booktabs 2020/01/12 v1.61803398 Publication quality tables
\heavyrulewidth=\dimen176
\lightrulewidth=\dimen177
\cmidrulewidth=\dimen178
\belowrulesep=\dimen179
\belowbottomsep=\dimen180
\aboverulesep=\dimen181
\abovetopsep=\dimen182
\cmidrulesep=\dimen183
\cmidrulekern=\dimen184
\defaultaddspace=\dimen185
\@cmidla=\count287
\@cmidlb=\count288
\@aboverulesep=\dimen186
\@belowrulesep=\dimen187
\@thisruleclass=\count289
\@lastruleclass=\count290
\@thisrulewidth=\dimen188
) (C:\Users\thisi\AppData\Local\Programs\MiKTeX\tex/latex/tools\array.sty
Package: array 2023/10/16 v2.5g Tabular extension package (FMi)
\col@sep=\dimen189
\ar@mcellbox=\box57
\extrarowheight=\dimen190
\NC@list=\toks27
\extratabsurround=\skip58
\backup@length=\skip59
\ar@cellbox=\box58
)
(C:\Users\thisi\AppData\Local\Programs\MiKTeX\tex/latex/hyperref\hyperref.sty
Package: hyperref 2023-11-26 v7.01g Hypertext links for LaTeX

(C:\Users\thisi\AppData\Local\Programs\MiKTeX\tex/generic/iftex\iftex.sty
Package: iftex 2022/02/03 v1.0f TeX engine tests
)
(C:\Users\thisi\AppData\Local\Programs\MiKTeX\tex/generic/infwarerr\infwarerr.s
ty
Package: infwarerr 2019/12/03 v1.5 Providing info/warning/error messages (HO)
)
(C:\Users\thisi\AppData\Local\Programs\MiKTeX\tex/latex/kvsetkeys\kvsetkeys.sty
Package: kvsetkeys 2022-10-05 v1.19 Key value parser (HO)
)
(C:\Users\thisi\AppData\Local\Programs\MiKTeX\tex/generic/kvdefinekeys\kvdefine
keys.sty
Package: kvdefinekeys 2019-12-19 v1.6 Define keys (HO)
)
(C:\Users\thisi\AppData\Local\Programs\MiKTeX\tex/generic/pdfescape\pdfescape.s
ty
Package: pdfescape 2019/12/09 v1.15 Implements pdfTeX's escape features (HO)

(C:\Users\thisi\AppData\Local\Programs\MiKTeX\tex/generic/ltxcmds\ltxcmds.sty
Package: ltxcmds 2023-12-04 v1.26 LaTeX kernel commands for general use (HO)
)
(C:\Users\thisi\AppData\Local\Programs\MiKTeX\tex/generic/pdftexcmds\pdftexcmds
.sty
Package: pdftexcmds 2020-06-27 v0.33 Utility functions of pdfTeX for LuaTeX (HO
)
Package pdftexcmds Info: \pdf@primitive is available.
Package pdftexcmds Info: \pdf@ifprimitive is available.
Package pdftexcmds Info: \pdfdraftmode found.
))
(C:\Users\thisi\AppData\Local\Programs\MiKTeX\tex/latex/hycolor\hycolor.sty
Package: hycolor 2020-01-27 v1.10 Color options for hyperref/bookmark (HO)
)
(C:\Users\thisi\AppData\Local\Programs\MiKTeX\tex/latex/letltxmacro\letltxmacro
.sty
Package: letltxmacro 2019/12/03 v1.6 Let assignment for LaTeX macros (HO)
)
(C:\Users\thisi\AppData\Local\Programs\MiKTeX\tex/latex/auxhook\auxhook.sty
Package: auxhook 2019-12-17 v1.6 Hooks for auxiliary files (HO)
)
(C:\Users\thisi\AppData\Local\Programs\MiKTeX\tex/latex/hyperref\nameref.sty
Package: nameref 2023-11-26 v2.56 Cross-referencing by name of section

(C:\Users\thisi\AppData\Local\Programs\MiKTeX\tex/latex/refcount\refcount.sty
Package: refcount 2019/12/15 v3.6 Data extraction from label references (HO)
)
(C:\Users\thisi\AppData\Local\Programs\MiKTeX\tex/generic/gettitlestring\gettit
lestring.sty
Package: gettitlestring 2019/12/15 v1.6 Cleanup title references (HO)

(C:\Users\thisi\AppData\Local\Programs\MiKTeX\tex/latex/kvoptions\kvoptions.sty
Package: kvoptions 2022-06-15 v3.15 Key value format for package options (HO)
))
\c@section@level=\count291
)
(C:\Users\thisi\AppData\Local\Programs\MiKTeX\tex/latex/etoolbox\etoolbox.sty
Package: etoolbox 2020/10/05 v2.5k e-TeX tools for LaTeX (JAW)
\etb@tempcnta=\count292
)
\@linkdim=\dimen191
\Hy@linkcounter=\count293
\Hy@pagecounter=\count294

(C:\Users\thisi\AppData\Local\Programs\MiKTeX\tex/latex/hyperref\pd1enc.def
File: pd1enc.def 2023-11-26 v7.01g Hyperref: PDFDocEncoding definition (HO)
Now handling font encoding PD1 ...
... no UTF-8 mapping file for font encoding PD1
)
(C:\Users\thisi\AppData\Local\Programs\MiKTeX\tex/generic/intcalc\intcalc.sty
Package: intcalc 2019/12/15 v1.3 Expandable calculations with integers (HO)
)
\Hy@SavedSpaceFactor=\count295

(C:\Users\thisi\AppData\Local\Programs\MiKTeX\tex/latex/hyperref\puenc.def
File: puenc.def 2023-11-26 v7.01g Hyperref: PDF Unicode definition (HO)
Now handling font encoding PU ...
... no UTF-8 mapping file for font encoding PU
)
Package hyperref Info: Hyper figures OFF on input line 4181.
Package hyperref Info: Link nesting OFF on input line 4186.
Package hyperref Info: Hyper index ON on input line 4189.
Package hyperref Info: Plain pages OFF on input line 4196.
Package hyperref Info: Backreferencing OFF on input line 4201.
Package hyperref Info: Implicit mode ON; LaTeX internals redefined.
Package hyperref Info: Bookmarks ON on input line 4448.
\c@Hy@tempcnt=\count296

(C:\Users\thisi\AppData\Local\Programs\MiKTeX\tex/latex/url\url.sty
\Urlmuskip=\muskip17
Package: url 2013/09/16  ver 3.4  Verb mode for urls, etc.
)
LaTeX Info: Redefining \url on input line 4786.
\XeTeXLinkMargin=\dimen192

(C:\Users\thisi\AppData\Local\Programs\MiKTeX\tex/generic/bitset\bitset.sty
Package: bitset 2019/12/09 v1.3 Handle bit-vector datatype (HO)

(C:\Users\thisi\AppData\Local\Programs\MiKTeX\tex/generic/bigintcalc\bigintcalc
.sty
Package: bigintcalc 2019/12/15 v1.5 Expandable calculations on big integers (HO
)
))
\Fld@menulength=\count297
\Field@Width=\dimen193
\Fld@charsize=\dimen194
Package hyperref Info: Hyper figures OFF on input line 6065.
Package hyperref Info: Link nesting OFF on input line 6070.
Package hyperref Info: Hyper index ON on input line 6073.
Package hyperref Info: backreferencing OFF on input line 6080.
Package hyperref Info: Link coloring OFF on input line 6085.
Package hyperref Info: Link coloring with OCG OFF on input line 6090.
Package hyperref Info: PDF/A mode OFF on input line 6095.

(C:\Users\thisi\AppData\Local\Programs\MiKTeX\tex/latex/base\atbegshi-ltx.sty
Package: atbegshi-ltx 2021/01/10 v1.0c Emulation of the original atbegshi
package with kernel methods
)
\Hy@abspage=\count298
\c@Item=\count299
\c@Hfootnote=\count300
)
Package hyperref Info: Driver (autodetected): hpdftex.
(C:\Users\thisi\AppData\Local\Programs\MiKTeX\tex/latex/hyperref\hpdftex.def
File: hpdftex.def 2023-11-26 v7.01g Hyperref driver for pdfTeX

(C:\Users\thisi\AppData\Local\Programs\MiKTeX\tex/latex/base\atveryend-ltx.sty
Package: atveryend-ltx 2020/08/19 v1.0a Emulation of the original atveryend pac
kage
with kernel methods
)
\Fld@listcount=\count301
\c@bookmark@seq@number=\count302

(C:\Users\thisi\AppData\Local\Programs\MiKTeX\tex/latex/rerunfilecheck\rerunfil
echeck.sty
Package: rerunfilecheck 2025-06-21 v1.11 Rerun checks for auxiliary files (HO)

(C:\Users\thisi\AppData\Local\Programs\MiKTeX\tex/generic/uniquecounter\uniquec
ounter.sty
Package: uniquecounter 2019/12/15 v1.4 Provide unlimited unique counter (HO)
)
Package uniquecounter Info: New unique counter `rerunfilecheck' on input line 2
84.
)
\Hy@SectionHShift=\skip60
)
(C:\Users\thisi\AppData\Local\Programs\MiKTeX\tex/latex/tools\bm.sty
Package: bm 2023/07/08 v1.2f Bold Symbol Support (DPC/FMi)
\symboldoperators=\mathgroup6
\symboldletters=\mathgroup7
\symboldsymbols=\mathgroup8
Package bm Info: No bold for \OMX/cmex/m/n, using \pmb.
Package bm Info: No bold for \U/msa/m/n, using \pmb.
Package bm Info: No bold for \U/msb/m/n, using \pmb.
LaTeX Font Info:    Redeclaring math alphabet \mathbf on input line 149.
)
(C:\Users\thisi\AppData\Local\Programs\MiKTeX\tex/latex/caption\subcaption.sty
Package: subcaption 2023/07/28 v1.6b Sub-captions (AR)

(C:\Users\thisi\AppData\Local\Programs\MiKTeX\tex/latex/caption\caption.sty
Package: caption 2023/08/05 v3.6o Customizing captions (AR)

(C:\Users\thisi\AppData\Local\Programs\MiKTeX\tex/latex/caption\caption3.sty
Package: caption3 2023/07/31 v2.4d caption3 kernel (AR)
\caption@tempdima=\dimen195
\captionmargin=\dimen196
\caption@leftmargin=\dimen197
\caption@rightmargin=\dimen198
\caption@width=\dimen199
\caption@indent=\dimen256
\caption@parindent=\dimen257
\caption@hangindent=\dimen258
Package caption Info: Unknown document class (or package),
(caption)             standard defaults will be used.
Package caption Info: \@makecaption = \long macro:#1#2->\ifx \@captype \@IEEEta
blestring \footnotesize \bgroup \par \centering \@IEEEtabletopskipstrut {\norma
lfont \footnotesize #1}\\{\normalfont \footnotesize \scshape #2}\par \addvspace
 {0.5\baselineskip }\egroup \@IEEEtablecaptionsepspace \else \@IEEEfigurecaptio
nsepspace \setbox \@tempboxa \hbox {\normalfont \footnotesize {#1.}\nobreakspac
e \nobreakspace #2}\ifdim \wd \@tempboxa >\hsize \setbox \@tempboxa \hbox {\nor
malfont \footnotesize {#1.}\nobreakspace \nobreakspace }\parbox [t]{\hsize }{\n
ormalfont \footnotesize \noindent \unhbox \@tempboxa #2}\else \ifCLASSOPTIONcon
ference \hbox to\hsize {\normalfont \footnotesize \hfil \box \@tempboxa \hfil }
\else \hbox to\hsize {\normalfont \footnotesize \box \@tempboxa \hfil }\fi \fi 
\fi  on input line 1175.
)

Package caption Warning: Unknown document class (or package),
(caption)                standard defaults will be used.
See the caption package documentation for explanation.

\c@caption@flags=\count303
\c@continuedfloat=\count304
Package caption Info: float package is loaded.
Package caption Info: hyperref package is loaded.
)
Package caption Info: New subtype `subfigure' on input line 238.
\c@subfigure=\count305
Package caption Info: New subtype `subtable' on input line 238.
\c@subtable=\count306
) (C:\Users\thisi\AppData\Local\Programs\MiKTeX\tex/latex/preprint\balance.sty
Package: balance 1999/02/23 4.3 (PWD)
\oldvsize=\dimen259
) (C:\Users\thisi\AppData\Local\Programs\MiKTeX\tex/latex/tools\tabularx.sty
Package: tabularx 2023/07/08 v2.11c `tabularx' package (DPC)
\TX@col@width=\dimen260
\TX@old@table=\dimen261
\TX@old@col=\dimen262
\TX@target=\dimen263
\TX@delta=\dimen264
\TX@cols=\count307
\TX@ftn=\toks28
)
(C:\Users\thisi\AppData\Local\Programs\MiKTeX\tex/latex/l3backend\l3backend-pdf
tex.def
File: l3backend-pdftex.def 2024-01-04 L3 backend support: PDF output (pdfTeX)
\l__color_backend_stack_int=\count308
\l__pdf_internal_box=\box59
) (MARGO_paper_final.aux)
\openout1 = `MARGO_paper_final.aux'.

LaTeX Font Info:    Checking defaults for OML/cmm/m/it on input line 41.
LaTeX Font Info:    ... okay on input line 41.
LaTeX Font Info:    Checking defaults for OMS/cmsy/m/n on input line 41.
LaTeX Font Info:    ... okay on input line 41.
LaTeX Font Info:    Checking defaults for OT1/cmr/m/n on input line 41.
LaTeX Font Info:    ... okay on input line 41.
LaTeX Font Info:    Checking defaults for T1/cmr/m/n on input line 41.
LaTeX Font Info:    ... okay on input line 41.
LaTeX Font Info:    Checking defaults for TS1/cmr/m/n on input line 41.
LaTeX Font Info:    ... okay on input line 41.
LaTeX Font Info:    Checking defaults for OMX/cmex/m/n on input line 41.
LaTeX Font Info:    ... okay on input line 41.
LaTeX Font Info:    Checking defaults for U/cmr/m/n on input line 41.
LaTeX Font Info:    ... okay on input line 41.
LaTeX Font Info:    Checking defaults for PD1/pdf/m/n on input line 41.
LaTeX Font Info:    ... okay on input line 41.
LaTeX Font Info:    Checking defaults for PU/pdf/m/n on input line 41.
LaTeX Font Info:    ... okay on input line 41.

-- Lines per column: 58 (exact).

(C:\Users\thisi\AppData\Local\Programs\MiKTeX\tex/context/base/mkii\supp-pdf.mk
ii
[Loading MPS to PDF converter (version 2006.09.02).]
\scratchcounter=\count309
\scratchdimen=\dimen265
\scratchbox=\box60
\nofMPsegments=\count310
\nofMParguments=\count311
\everyMPshowfont=\toks29
\MPscratchCnt=\count312
\MPscratchDim=\dimen266
\MPnumerator=\count313
\makeMPintoPDFobject=\count314
\everyMPtoPDFconversion=\toks30
)
(C:\Users\thisi\AppData\Local\Programs\MiKTeX\tex/latex/epstopdf-pkg\epstopdf-b
ase.sty
Package: epstopdf-base 2020-01-24 v2.11 Base part for package epstopdf
Package epstopdf-base Info: Redefining graphics rule for `.eps' on input line 4
85.

(C:\Users\thisi\AppData\Local\Programs\MiKTeX\tex/latex/00miktex\epstopdf-sys.c
fg
File: epstopdf-sys.cfg 2021/03/18 v2.0 Configuration of epstopdf for MiKTeX
))
Package hyperref Info: Link coloring OFF on input line 41.
 (MARGO_paper_final.out) (MARGO_paper_final.out)
\@outlinefile=\write3
\openout3 = `MARGO_paper_final.out'.

Package caption Info: Begin \AtBeginDocument code.
Package caption Info: End \AtBeginDocument code.

! Missing number, treated as zero.
<to be read again> 
                   E
l.55 
     
A number should have been here; I inserted `0'.
(If you can't figure out why I needed to see a number,
look up `weird error' in the index to The TeXbook.)

! Missing number, treated as zero.
<to be read again> 
                   E
l.55 
     
A number should have been here; I inserted `0'.
(If you can't figure out why I needed to see a number,
look up `weird error' in the index to The TeXbook.)

! Missing number, treated as zero.
<to be read again> 
                   E
l.55 
     
A number should have been here; I inserted `0'.
(If you can't figure out why I needed to see a number,
look up `weird error' in the index to The TeXbook.)


Underfull \hbox (badness 5681) in paragraph at lines 62--63
[]\OT1/ptm/b/n/9 We pro-pose \OT1/ptm/b/sc/9 MARGO \OT1/ptm/b/n/9 (Meta-learnin
g with Attention-
 []


Underfull \hbox (badness 10000) in paragraph at lines 62--63
\OT1/ptm/b/n/9 augmented gRaph-to-sequence for energy-aware task
 []


Underfull \hbox (badness 2644) in paragraph at lines 62--63
\OT1/ptm/b/n/9 Offloading), a com-pre-hen-sive frame-work ad-dress-ing these
 []


Underfull \hbox (badness 5260) in paragraph at lines 67--69
[]\OT1/ptm/b/it/9 Index Terms\OT1/ptm/b/n/9 ---Mobile Edge Com-put-ing, Task Of
-fload-
 []

[1{C:/Users/thisi/AppData/Local/MiKTeX/fonts/map/pdftex/pdftex.map}{C:/Users/th
isi/AppData/Local/Programs/MiKTeX/fonts/enc/dvips/base/8r.enc}


]
Underfull \hbox (badness 2035) in paragraph at lines 91--92
\OT1/ptm/m/n/10 learning [[]9[]] with sequence-to-sequence neu-ral net-works,
 []


Underfull \hbox (badness 2073) in paragraph at lines 101--102
[]\OT1/ptm/m/n/10 We pro-pose \OT1/ptm/m/sc/10 MARGO \OT1/ptm/m/n/10 (\OT1/ptm/
b/n/10 M\OT1/ptm/m/n/10 eta-learning with \OT1/ptm/b/n/10 A\OT1/ptm/m/n/10 tten
tion-
 []


Underfull \hbox (badness 10000) in paragraph at lines 101--102
\OT1/ptm/m/n/10 augmented g\OT1/ptm/b/n/10 R\OT1/ptm/m/n/10 aph-to-sequence for
 energy-aware task
 []

[2]
LaTeX Font Info:    Trying to load font information for U+msa on input line 142
.
 (C:\Users\thisi\AppData\Local\Programs\MiKTeX\tex/latex/amsfonts\umsa.fd
File: umsa.fd 2013/01/14 v3.01 AMS symbols A
)
LaTeX Font Info:    Trying to load font information for U+msb on input line 142
.

(C:\Users\thisi\AppData\Local\Programs\MiKTeX\tex/latex/amsfonts\umsb.fd
File: umsb.fd 2013/01/14 v3.01 AMS symbols B
)
[3]
Underfull \vbox (badness 10000) has occurred while \output is active []

 [4]

Package hyperref Warning: Token not allowed in a PDF string (Unicode):
(hyperref)                removing `math shift' on input line 302.


Package hyperref Warning: Token not allowed in a PDF string (Unicode):
(hyperref)                removing `subscript' on input line 302.


Package hyperref Warning: Token not allowed in a PDF string (Unicode):
(hyperref)                removing `math shift' on input line 302.


Package hyperref Warning: Token not allowed in a PDF string (Unicode):
(hyperref)                removing `math shift' on input line 314.


Package hyperref Warning: Token not allowed in a PDF string (Unicode):
(hyperref)                removing `subscript' on input line 314.


Package hyperref Warning: Token not allowed in a PDF string (Unicode):
(hyperref)                removing `math shift' on input line 314.


Package hyperref Warning: Token not allowed in a PDF string (Unicode):
(hyperref)                removing `math shift' on input line 323.


Package hyperref Warning: Token not allowed in a PDF string (Unicode):
(hyperref)                removing `subscript' on input line 323.


Package hyperref Warning: Token not allowed in a PDF string (Unicode):
(hyperref)                removing `math shift' on input line 323.


Overfull \hbox (44.30838pt too wide) detected at line 363
[][][][]  \OMS/cmsy/m/n/10 J\OT1/cmr/m/n/10 (\OML/cmm/m/it/10 ^^Y\OT1/cmr/m/n/1
0 ) = \U/msb/m/n/10 E[] []
 []

[5]
Underfull \hbox (badness 2538) in paragraph at lines 445--447
\OT1/ptm/m/n/10 where $\OMS/cmsy/m/n/10 k$ \OT1/ptm/m/n/10 de-notes con-cate-na
-tion, $\OML/cmm/m/it/10 ^^[$ \OT1/ptm/m/n/10 is ReLU ac-ti-va-tion,
 []


Underfull \hbox (badness 5548) in paragraph at lines 454--456
\OT1/ptm/m/n/10 node em-bed-ding cap-tures in-for-ma-tion from its 2-hop
 []

[6]
Overfull \hbox (4.99086pt too wide) detected at line 562
[][][]\OML/cmm/m/it/10 L[]\OT1/cmr/m/n/10 (\OML/cmm/m/it/10 ^^R\OT1/cmr/m/n/10 
) = \OMS/cmsy/m/n/10 ^^@\U/msb/m/n/10 E[] []
 []

[7]
Package hyperref Info: bookmark level for unknown algorithm defaults to 0 on in
put line 624.
 [8]
<../results/task1-average-latency.jpg, id=467, 616.704pt x 367.6134pt>
File: ../results/task1-average-latency.jpg Graphic file (type jpg)
<use ../results/task1-average-latency.jpg>
Package pdftex.def Info: ../results/task1-average-latency.jpg  used on input li
ne 731.
(pdftex.def)             Requested size: 120.95892pt x 72.1022pt.
<../results/task2-average-latency.jpg, id=468, 616.704pt x 367.6134pt>
File: ../results/task2-average-latency.jpg Graphic file (type jpg)
<use ../results/task2-average-latency.jpg>
Package pdftex.def Info: ../results/task2-average-latency.jpg  used on input li
ne 736.
(pdftex.def)             Requested size: 120.95892pt x 72.1022pt.
<../results/task1-average-energy.jpg, id=470, 616.704pt x 367.6134pt>
File: ../results/task1-average-energy.jpg Graphic file (type jpg)
<use ../results/task1-average-energy.jpg>
Package pdftex.def Info: ../results/task1-average-energy.jpg  used on input lin
e 750.
(pdftex.def)             Requested size: 120.95892pt x 72.1022pt.
<../results/task2-average-energy.jpg, id=471, 616.704pt x 367.6134pt>
File: ../results/task2-average-energy.jpg Graphic file (type jpg)
<use ../results/task2-average-energy.jpg>
Package pdftex.def Info: ../results/task2-average-energy.jpg  used on input lin
e 755.
(pdftex.def)             Requested size: 120.95892pt x 72.1022pt.
<../results/task1-greedy-latency.jpg, id=473, 616.704pt x 367.6134pt>
File: ../results/task1-greedy-latency.jpg Graphic file (type jpg)
<use ../results/task1-greedy-latency.jpg>
Package pdftex.def Info: ../results/task1-greedy-latency.jpg  used on input lin
e 769.
(pdftex.def)             Requested size: 120.95892pt x 72.1022pt.
<../results/task1-greedy-energy.jpg, id=474, 616.704pt x 367.6134pt>
File: ../results/task1-greedy-energy.jpg Graphic file (type jpg)
<use ../results/task1-greedy-energy.jpg>
Package pdftex.def Info: ../results/task1-greedy-energy.jpg  used on input line
 774.
(pdftex.def)             Requested size: 120.95892pt x 72.1022pt.
<../results/task2-greedy-latency.jpg, id=475, 616.704pt x 367.6134pt>
File: ../results/task2-greedy-latency.jpg Graphic file (type jpg)
<use ../results/task2-greedy-latency.jpg>
Package pdftex.def Info: ../results/task2-greedy-latency.jpg  used on input lin
e 779.
(pdftex.def)             Requested size: 120.95892pt x 72.1022pt.
<../results/task2-greedy-energy.jpg, id=476, 616.704pt x 367.6134pt>
File: ../results/task2-greedy-energy.jpg Graphic file (type jpg)
<use ../results/task2-greedy-energy.jpg>
Package pdftex.def Info: ../results/task2-greedy-energy.jpg  used on input line
 784.
(pdftex.def)             Requested size: 120.95892pt x 72.1022pt.
<../results/task1-average-reward.jpg, id=478, 616.704pt x 367.6134pt>
File: ../results/task1-average-reward.jpg Graphic file (type jpg)
<use ../results/task1-average-reward.jpg>
Package pdftex.def Info: ../results/task1-average-reward.jpg  used on input lin
e 798.
(pdftex.def)             Requested size: 120.95892pt x 72.1022pt.
<../results/task2-average-reward.jpg, id=479, 616.704pt x 367.6134pt>
File: ../results/task2-average-reward.jpg Graphic file (type jpg)
<use ../results/task2-average-reward.jpg>
Package pdftex.def Info: ../results/task2-average-reward.jpg  used on input lin
e 803.
(pdftex.def)             Requested size: 120.95892pt x 72.1022pt.
<../results/task1-average-loss.jpg, id=480, 616.704pt x 367.1316pt>
File: ../results/task1-average-loss.jpg Graphic file (type jpg)
<use ../results/task1-average-loss.jpg>
Package pdftex.def Info: ../results/task1-average-loss.jpg  used on input line 
808.
(pdftex.def)             Requested size: 120.95892pt x 72.0077pt.
<../results/task2-average-loss.jpg, id=481, 616.704pt x 367.6134pt>
File: ../results/task2-average-loss.jpg Graphic file (type jpg)
<use ../results/task2-average-loss.jpg>
Package pdftex.def Info: ../results/task2-average-loss.jpg  used on input line 
813.
(pdftex.def)             Requested size: 120.95892pt x 72.1022pt.
<../results/task1-policy-loses.jpg, id=483, 616.704pt x 367.1316pt>
File: ../results/task1-policy-loses.jpg Graphic file (type jpg)
<use ../results/task1-policy-loses.jpg>
Package pdftex.def Info: ../results/task1-policy-loses.jpg  used on input line 
827.
(pdftex.def)             Requested size: 120.95892pt x 72.0077pt.
<../results/task1-value-loses.png, id=484, 1284.8pt x 764.8575pt>
File: ../results/task1-value-loses.png Graphic file (type png)
<use ../results/task1-value-loses.png>
Package pdftex.def Info: ../results/task1-value-loses.png  used on input line 8
32.
(pdftex.def)             Requested size: 120.95892pt x 71.99698pt.
<../results/task2-policy-losses.jpg, id=485, 616.704pt x 367.6134pt>
File: ../results/task2-policy-losses.jpg Graphic file (type jpg)
<use ../results/task2-policy-losses.jpg>
Package pdftex.def Info: ../results/task2-policy-losses.jpg  used on input line
 837.
(pdftex.def)             Requested size: 120.95892pt x 72.1022pt.
<../results/task2-value-losses.jpg, id=486, 616.704pt x 367.6134pt>
File: ../results/task2-value-losses.jpg Graphic file (type jpg)
<use ../results/task2-value-losses.jpg>
Package pdftex.def Info: ../results/task2-value-losses.jpg  used on input line 
842.
(pdftex.def)             Requested size: 120.95892pt x 72.1022pt.


LaTeX Font Warning: Font shape `OT1/ptm/m/scit' undefined
(Font)              using `OT1/ptm/m/sc' instead on input line 849.

<../results/mrlco-compare/1/task1-latency.jpg, id=490, 462.528pt x 298.11375pt>

File: ../results/mrlco-compare/1/task1-latency.jpg Graphic file (type jpg)
<use ../results/mrlco-compare/1/task1-latency.jpg>
Package pdftex.def Info: ../results/mrlco-compare/1/task1-latency.jpg  used on 
input line 858.
(pdftex.def)             Requested size: 120.95892pt x 77.95807pt.
<../results/mrlco-compare/1/task1-energy.jpg, id=491, 462.528pt x 298.11375pt>
File: ../results/mrlco-compare/1/task1-energy.jpg Graphic file (type jpg)
<use ../results/mrlco-compare/1/task1-energy.jpg>
Package pdftex.def Info: ../results/mrlco-compare/1/task1-energy.jpg  used on i
nput line 863.
(pdftex.def)             Requested size: 120.95892pt x 77.95807pt.
<../results/mrlco-compare/2/task2-latency.jpg, id=492, 462.528pt x 256.5585pt>
File: ../results/mrlco-compare/2/task2-latency.jpg Graphic file (type jpg)
<use ../results/mrlco-compare/2/task2-latency.jpg>
Package pdftex.def Info: ../results/mrlco-compare/2/task2-latency.jpg  used on 
input line 868.
(pdftex.def)             Requested size: 120.95892pt x 67.09119pt.
<../results/mrlco-compare/2/task2-energy.jpg, id=493, 462.528pt x 256.5585pt>
File: ../results/mrlco-compare/2/task2-energy.jpg Graphic file (type jpg)
<use ../results/mrlco-compare/2/task2-energy.jpg>
Package pdftex.def Info: ../results/mrlco-compare/2/task2-energy.jpg  used on i
nput line 873.
(pdftex.def)             Requested size: 120.95892pt x 67.09119pt.
<../results/mrlco-compare/1/task1-latency-with-greedy.jpg, id=494, 462.528pt x 
298.11375pt>
File: ../results/mrlco-compare/1/task1-latency-with-greedy.jpg Graphic file (ty
pe jpg)
<use ../results/mrlco-compare/1/task1-latency-with-greedy.jpg>
Package pdftex.def Info: ../results/mrlco-compare/1/task1-latency-with-greedy.j
pg  used on input line 883.
(pdftex.def)             Requested size: 120.95892pt x 77.95807pt.
<../results/mrlco-compare/1/task1-energy-with-greedy.jpg, id=495, 462.528pt x 2
98.11375pt>
File: ../results/mrlco-compare/1/task1-energy-with-greedy.jpg Graphic file (typ
e jpg)
<use ../results/mrlco-compare/1/task1-energy-with-greedy.jpg>
Package pdftex.def Info: ../results/mrlco-compare/1/task1-energy-with-greedy.jp
g  used on input line 888.
(pdftex.def)             Requested size: 120.95892pt x 77.95807pt.
<../results/mrlco-compare/2/task2-latency-with-greedy.jpg, id=496, 462.528pt x 
256.5585pt>
File: ../results/mrlco-compare/2/task2-latency-with-greedy.jpg Graphic file (ty
pe jpg)
<use ../results/mrlco-compare/2/task2-latency-with-greedy.jpg>
Package pdftex.def Info: ../results/mrlco-compare/2/task2-latency-with-greedy.j
pg  used on input line 893.
(pdftex.def)             Requested size: 120.95892pt x 67.09119pt.
<../results/mrlco-compare/2/task2-energy-with-greedy.jpg, id=497, 462.528pt x 2
56.5585pt>
File: ../results/mrlco-compare/2/task2-energy-with-greedy.jpg Graphic file (typ
e jpg)
<use ../results/mrlco-compare/2/task2-energy-with-greedy.jpg>
Package pdftex.def Info: ../results/mrlco-compare/2/task2-energy-with-greedy.jp
g  used on input line 898.
(pdftex.def)             Requested size: 120.95892pt x 67.09119pt.
[9 <../results/task1-average-latency.jpg> <../results/task2-average-latency.jpg
> <../results/task1-average-energy.jpg> <../results/task2-average-energy.jpg> <
../results/task1-greedy-latency.jpg> <../results/task1-greedy-energy.jpg> <../r
esults/task2-greedy-latency.jpg> <../results/task2-greedy-energy.jpg>] [10 <../
results/task1-average-reward.jpg> <../results/task2-average-reward.jpg> <../res
ults/task1-average-loss.jpg> <../results/task2-average-loss.jpg> <../results/ta
sk1-policy-loses.jpg> <../results/task1-value-loses.png (PNG copy)> <../results
/task2-policy-losses.jpg> <../results/task2-value-losses.jpg> <../results/mrlco
-compare/1/task1-latency.jpg> <../results/mrlco-compare/1/task1-energy.jpg> <..
/results/mrlco-compare/2/task2-latency.jpg> <../results/mrlco-compare/2/task2-e
nergy.jpg> <../results/mrlco-compare/1/task1-latency-with-greedy.jpg> <../resul
ts/mrlco-compare/1/task1-energy-with-greedy.jpg> <../results/mrlco-compare/2/ta
sk2-latency-with-greedy.jpg> <../results/mrlco-compare/2/task2-energy-with-gree
dy.jpg>]

LaTeX Font Warning: Font shape `OT1/ptm/m/scit' undefined
(Font)              using `OT1/ptm/m/sc' instead on input line 989.


LaTeX Font Warning: Font shape `OT1/ptm/m/scit' undefined
(Font)              using `OT1/ptm/m/sc' instead on input line 989.

(MARGO_paper_final.bbl [11]) [12

] (MARGO_paper_final.aux)
 ***********
LaTeX2e <2023-11-01> patch level 1
L3 programming layer <2024-01-04>
 ***********
Package rerunfilecheck Info: File `MARGO_paper_final.out' has not changed.
(rerunfilecheck)             Checksum: 5A32BF94CCE109347A2942889015EF56;11825.
 ) 
Here is how much of TeX's memory you used:
 13757 strings out of 474486
 227509 string characters out of 5743756
 1959542 words of memory out of 5000000
 35621 multiletter control sequences out of 15000+600000
 610407 words of font info for 134 fonts, out of 8000000 for 9000
 1141 hyphenation exceptions out of 8191
 75i,12n,79p,958b,741s stack positions out of 10000i,1000n,20000p,200000b,200000s
<C:/Users/thisi/AppData/Local/Programs/MiKTeX/fonts/type1/public/amsfonts/cm/
cmbx10.pfb><C:/Users/thisi/AppData/Local/Programs/MiKTeX/fonts/type1/public/ams
fonts/cm/cmbx7.pfb><C:/Users/thisi/AppData/Local/Programs/MiKTeX/fonts/type1/pu
blic/amsfonts/cm/cmex10.pfb><C:/Users/thisi/AppData/Local/Programs/MiKTeX/fonts
/type1/public/amsfonts/cm/cmmi10.pfb><C:/Users/thisi/AppData/Local/Programs/MiK
TeX/fonts/type1/public/amsfonts/cm/cmmi5.pfb><C:/Users/thisi/AppData/Local/Prog
rams/MiKTeX/fonts/type1/public/amsfonts/cm/cmmi6.pfb><C:/Users/thisi/AppData/Lo
cal/Programs/MiKTeX/fonts/type1/public/amsfonts/cm/cmmi7.pfb><C:/Users/thisi/Ap
pData/Local/Programs/MiKTeX/fonts/type1/public/amsfonts/cm/cmmi8.pfb><C:/Users/
thisi/AppData/Local/Programs/MiKTeX/fonts/type1/public/amsfonts/cm/cmr10.pfb><C
:/Users/thisi/AppData/Local/Programs/MiKTeX/fonts/type1/public/amsfonts/cm/cmr6
.pfb><C:/Users/thisi/AppData/Local/Programs/MiKTeX/fonts/type1/public/amsfonts/
cm/cmr7.pfb><C:/Users/thisi/AppData/Local/Programs/MiKTeX/fonts/type1/public/am
sfonts/cm/cmr8.pfb><C:/Users/thisi/AppData/Local/Programs/MiKTeX/fonts/type1/pu
blic/amsfonts/cm/cmsy10.pfb><C:/Users/thisi/AppData/Local/Programs/MiKTeX/fonts
/type1/public/amsfonts/cm/cmsy5.pfb><C:/Users/thisi/AppData/Local/Programs/MiKT
eX/fonts/type1/public/amsfonts/cm/cmsy6.pfb><C:/Users/thisi/AppData/Local/Progr
ams/MiKTeX/fonts/type1/public/amsfonts/cm/cmsy7.pfb><C:/Users/thisi/AppData/Loc
al/Programs/MiKTeX/fonts/type1/public/amsfonts/cm/cmsy8.pfb><C:/Users/thisi/App
Data/Local/Programs/MiKTeX/fonts/type1/public/amsfonts/symbols/msbm10.pfb><C:/U
sers/thisi/AppData/Local/Programs/MiKTeX/fonts/type1/urw/times/utmb8a.pfb><C:/U
sers/thisi/AppData/Local/Programs/MiKTeX/fonts/type1/urw/times/utmbi8a.pfb><C:/
Users/thisi/AppData/Local/Programs/MiKTeX/fonts/type1/urw/times/utmr8a.pfb><C:/
Users/thisi/AppData/Local/Programs/MiKTeX/fonts/type1/urw/times/utmri8a.pfb>
Output written on MARGO_paper_final.pdf (12 pages, 1955115 bytes).
PDF statistics:
 707 PDF objects out of 1000 (max. 8388607)
 218 named destinations out of 1000 (max. 500000)
 641 words of extra memory for PDF output out of 10000 (max. 10000000)

